Microchip MPLAB XC8 Compiler V1.42 ()

Linker command line:

--edf=C:\Program Files (x86)\Microchip\xc8\v1.42\dat\en_msgs.txt -cs \
  -h+dist/default/production\Canbus_CrossRoad.X.production.sym \
  --cmf=dist/default/production\Canbus_CrossRoad.X.production.cmf -z \
  -Q18F87K22 -oC:\Users\YAN~1.MIC\AppData\Local\Temp\s1fa0.2 \
  -Mdist/default/production/Canbus_CrossRoad.X.production.map -E1 -ver=XC8 \
  -ASTACK=0290h-0f15h -pstack=STACK -ACODE=00h-01FFFFh -ACONST=00h-01FFFFh \
  -ASMALLCONST=01000h-010FFhx496 \
  -AMEDIUMCONST=01000h-0FFFFh,011000h-01FFFFh -ACOMRAM=01h-05Fh \
  -AABS1=00h-0F15h -ABIGRAM=01h-0F15h \
  -ARAM=060h-0FFh,0100h-01FFhx14,0F00h-0F15h -ABANK0=060h-0FFh \
  -ABANK1=0100h-01FFh -ABANK2=0200h-02FFh -ABANK3=0300h-03FFh \
  -ABANK4=0400h-04FFh -ABANK5=0500h-05FFh -ABANK6=0600h-06FFh \
  -ABANK7=0700h-07FFh -ABANK8=0800h-08FFh -ABANK9=0900h-09FFh \
  -ABANK10=0A00h-0AFFh -ABANK11=0B00h-0BFFh -ABANK12=0C00h-0CFFh \
  -ABANK13=0D00h-0DFFh -ABANK14=0E00h-0EFFh -ABANK15=0F00h-0F15h \
  -ASFR=0F16h-0F5Fh,0F60h-0FFFh \
  -preset_vec=00h,intcode=08h,intcodelo,powerup,init -pramtop=01000h \
  -psmallconst=SMALLCONST -pmediumconst=MEDIUMCONST -pconst=CONST \
  -AFARRAM=00h-00h -ACONFIG=0300000h-030000Dh -pconfig=CONFIG \
  -AIDLOC=0200000h-0200007h -pidloc=IDLOC -AEEDATA=0F00000h-0F003FFh \
  -peeprom_data=EEDATA \
  -prdata=COMRAM,nvrram=COMRAM,nvbit=COMRAM,rbss=COMRAM,rbit=COMRAM \
  -pfarbss=FARRAM,fardata=FARRAM,nvFARRAM=FARRAM \
  -pintsave_regs=BIGRAM,bigbss=BIGRAM,bigdata=BIGRAM -pbss=RAM \
  -pidata=CODE,irdata=CODE,ibigdata=CODE,ifardata=CODE -prparam=COMRAM \
  C:\Users\YAN~1.MIC\AppData\Local\Temp\s1fa0.obj \
  dist/default/production\Canbus_CrossRoad.X.production.obj 

Object code version is 3.11

Machine type is 18F87K22

Call graph: (short form)




                Name                               Link     Load   Length Selector   Space Scale
C:\Users\YAN~1.MIC\AppData\Local\Temp\s1fa0.obj
                init                                 A4       A4        4        4       0
                reset_vec                             0        0        4        0       0
                idloc                            200000   200000        8   200000       0
                config                           300000   300000        E   300000       0
dist/default/production\Canbus_CrossRoad.X.production.obj
                intcode                               8        8       9C        4       0
                temp                                 5F       5F        1        1       1
                smallconst                         1000     1000       42      800       0
                text46                             2E74     2E74       6A      821       0
                text45                             33EC     33EC       26      821       0
                text44                             300E     300E       62      821       0
                text43                             347A     347A        6     1A36       0
                text42                             1B16     1B16      1AC      821       0
                text41                             3256     3256       44      821       0
                text40                             255C     255C      10E      821       0
                text39                             33C6     33C6       26      821       0
                text38                             286E     286E       FA      821       0
                text37                             3212     3212       44      821       0
                text36                             2C0C     2C0C       88      821       0
                text35                             2A2A     2A2A       BE      821       0
                text34                             2434     2434      128      821       0
                text33                             2FAA     2FAA       64      821       0
                text32                             3434     3434       20      821       0
                text31                             31CA     31CA       48      821       0
                text30                             22DE     22DE      156      821       0
                text29                             1E68     1E68      180      821       0
                text28                             2D18     2D18       82      821       0
                text27                             3070     3070       58      821       0
                text26                             3174     3174       56      821       0
                text25                             311E     311E       56      821       0
                text24                             276C     276C      102      821       0
                text23                             339C     339C       2A      821       0
                text22                             2F44     2F44       66      821       0
                text21                             346C     346C        E     1A36       0
                text20                             2B7A     2B7A       92      821       0
                text19                             1FE8     1FE8      17C      821       0
                text18                             3346     3346       2C      821       0
                text16                             2968     2968       C2      821       0
                text15                             2AE8     2AE8       92      821       0
                text14                             3372     3372       2A      821       0
                text13                             266A     266A      102      821       0
                text12                             2EDE     2EDE       66      821       0
                text11                             1042     1042      60C      821       0
                text10                             32D8     32D8       38      821       0
                text9                              2164     2164      17A      821       0
                text8                              1CC2     1CC2      1A6      821       0
                text7                              3310     3310       36      821       0
                text6                              329A     329A       3E      821       0
                text5                              164E     164E      314      821       0
                text4                              30C8     30C8       56      821       0
                text3                              2C94     2C94       84      821       0
                text2                              2D9A     2D9A       6E      821       0
                text1                              3412     3412       22      821       0
                text0                              1962     1962      1B4      821       0
                cstackCOMRAM                          1        1       57        1       1
                cstackBANK0                          60       60       4F       60       1
                bssBANK2                            200      200       90      200       1
                bssBANK1                            100      100       CD      100       1
                dataBANK0                            E9       E9       17       60       1
                bssBANK0                             AF       AF       3A       60       1
                dataCOMRAM                           5E       5E        1        1       1
                bssCOMRAM                            58       58        6        1       1
                cinit                              2E08     2E08       6C      821       0
                idataBANK0                         3454     3454       17      821       0
                idataCOMRAM                        3480     3480        1     1A36       0

TOTAL           Name                               Link     Load   Length     Space
        CLASS   STACK          

        CLASS   CODE           
                intcode                               8        8       9C         0
                init                                 A4       A4        4         0
                reset_vec                             0        0        4         0
                text46                             2E74     2E74       6A         0
                text45                             33EC     33EC       26         0
                text44                             300E     300E       62         0
                text43                             347A     347A        6         0
                text42                             1B16     1B16      1AC         0
                text41                             3256     3256       44         0
                text40                             255C     255C      10E         0
                text39                             33C6     33C6       26         0
                text38                             286E     286E       FA         0
                text37                             3212     3212       44         0
                text36                             2C0C     2C0C       88         0
                text35                             2A2A     2A2A       BE         0
                text34                             2434     2434      128         0
                text33                             2FAA     2FAA       64         0
                text32                             3434     3434       20         0
                text31                             31CA     31CA       48         0
                text30                             22DE     22DE      156         0
                text29                             1E68     1E68      180         0
                text28                             2D18     2D18       82         0
                text27                             3070     3070       58         0
                text26                             3174     3174       56         0
                text25                             311E     311E       56         0
                text24                             276C     276C      102         0
                text23                             339C     339C       2A         0
                text22                             2F44     2F44       66         0
                text21                             346C     346C        E         0
                text20                             2B7A     2B7A       92         0
                text19                             1FE8     1FE8      17C         0
                text18                             3346     3346       2C         0
                text16                             2968     2968       C2         0
                text15                             2AE8     2AE8       92         0
                text14                             3372     3372       2A         0
                text13                             266A     266A      102         0
                text12                             2EDE     2EDE       66         0
                text11                             1042     1042      60C         0
                text10                             32D8     32D8       38         0
                text9                              2164     2164      17A         0
                text8                              1CC2     1CC2      1A6         0
                text7                              3310     3310       36         0
                text6                              329A     329A       3E         0
                text5                              164E     164E      314         0
                text4                              30C8     30C8       56         0
                text3                              2C94     2C94       84         0
                text2                              2D9A     2D9A       6E         0
                text1                              3412     3412       22         0
                text0                              1962     1962      1B4         0
                cinit                              2E08     2E08       6C         0
                idataBANK0                         3454     3454       17         0
                idataCOMRAM                        3480     3480        1         0

        CLASS   CONST          

        CLASS   SMALLCONST     
                smallconst                         1000     1000       42         0

        CLASS   MEDIUMCONST    

        CLASS   COMRAM         
                temp                                 5F       5F        1         1
                cstackCOMRAM                          1        1       57         1
                dataCOMRAM                           5E       5E        1         1
                bssCOMRAM                            58       58        6         1

        CLASS   ABS1           

        CLASS   BIGRAM         

        CLASS   RAM            

        CLASS   BANK0          
                cstackBANK0                          60       60       4F         1
                dataBANK0                            E9       E9       17         1
                bssBANK0                             AF       AF       3A         1

        CLASS   BANK1          
                bssBANK1                            100      100       CD         1

        CLASS   BANK2          
                bssBANK2                            200      200       90         1

        CLASS   BANK3          

        CLASS   BANK4          

        CLASS   BANK5          

        CLASS   BANK6          

        CLASS   BANK7          

        CLASS   BANK8          

        CLASS   BANK9          

        CLASS   BANK10         

        CLASS   BANK11         

        CLASS   BANK12         

        CLASS   BANK13         

        CLASS   BANK14         

        CLASS   BANK15         

        CLASS   SFR            

        CLASS   FARRAM         

        CLASS   CONFIG         
                config                           300000   300000        E         0

        CLASS   IDLOC          
                idloc                            200000   200000        8         0

        CLASS   EEDATA         



SEGMENTS        Name                           Load    Length   Top    Selector   Space  Class

                reset_vec                      000000  000004  000004         0       0  CODE    
                cstackCOMRAM                   000001  00005F  000060         1       1  COMRAM  
                intcode                        000008  0000A0  0000A8         4       0  CODE    
                cstackBANK0                    000060  0000A0  000100        60       1  BANK0   
                bssBANK1                       000100  0000CD  0001CD       100       1  BANK1   
                bssBANK2                       000200  000090  000290       200       1  BANK2   
                smallconst                     001000  000042  001042       800       0  SMALLCON
                text11                         001042  002429  00346B       821       0  CODE    
                text21                         00346C  000015  003481      1A36       0  CODE    
                idloc                          200000  000008  200008    200000       0  IDLOC   
                config                         300000  00000E  30000E    300000       0  CONFIG  


UNUSED ADDRESS RANGES

        Name                Unused          Largest block    Delta
        BANK1            0001CD-0001FF               33
        BANK10           000A00-000AFF              100
        BANK11           000B00-000BFF              100
        BANK12           000C00-000CFF              100
        BANK13           000D00-000DFF              100
        BANK14           000E00-000EFF              100
        BANK15           000F00-000F15               16
        BANK2            000290-0002FF               70
        BANK3            000300-0003FF              100
        BANK4            000400-0004FF              100
        BANK5            000500-0005FF              100
        BANK6            000600-0006FF              100
        BANK7            000700-0007FF              100
        BANK8            000800-0008FF              100
        BANK9            000900-0009FF              100
        BIGRAM           0001CD-0001FF               33
                         000290-000F15              C86
        CODE             000004-000007                4
                         0000A8-000FFF              F58
                         00346B-00346B                1
                         003481-01FFFF            1CB7F
        CONST            000004-000007                4
                         0000A8-000FFF              F58
                         00346B-00346B                1
                         003481-01FFFF            1CB7F
        EEDATA           F00000-F003FF              400
        MEDIUMCONST      00346B-00346B                1
                         003481-00FFFF             CB7F
                         011000-01FFFF             F000
        RAM              0001CD-0001FF               33
                         000290-000F15              100
        SFR              000F16-000FFF               4A
        SMALLCONST       00346B-00346B                1
                         003481-01FFFF              100
        STACK            000290-000F15              C86

                                  Symbol Table

?___wmul                            cstackBANK0  000060
Can_GetMessage@i                    cstackBANK0  000064
Can_GetMessage@msgPtr               cstackBANK0  000060
Can_GetStatus@F8262                 dataBANK0    0000FD
Can_GetStatus@F8264                 dataBANK0    0000F3
Can_GetStatus@msg                   cstackCOMRAM 000017
Can_GetStatus@msg4                  cstackCOMRAM 000013
Can_GetStatus@status                cstackCOMRAM 00001A
Can_Init@filterCfg                  cstackBANK0  00009E
Can_Init@speedCfg                   cstackBANK0  00009C
Can_Isr@nbTxBuf                     dataCOMRAM   00005E
Can_Isr@retCode                     cstackCOMRAM 000049
Can_PutMessage@i                    cstackBANK0  000064
Can_PutMessage@msgPtr               cstackBANK0  000060
Can_ReadInBuffer@error              cstackCOMRAM 000045
Can_ReadInBuffer@i                  cstackCOMRAM 000047
Can_ReadInBuffer@rdStatus           cstackCOMRAM 000046
Can_ReadMessage@buf                 cstackCOMRAM 000041
Can_ReadMessage@msg                 cstackCOMRAM 00003F
Can_SendMessage@buf                 cstackCOMRAM 000038
Can_SendMessage@msg                 cstackCOMRAM 000036
Can_SendMessage@res                 cstackCOMRAM 00003C
Can_SendMessage@txbuf_n             cstackCOMRAM 00003D
Mcp2515GetNextFreeTXBuf@F8153       dataBANK0    0000F7
Mcp2515GetNextFreeTXBuf@buf         cstackCOMRAM 000019
Mcp2515GetNextFreeTXBuf@ctrlregs    cstackCOMRAM 000016
Mcp2515GetNextFreeTXBuf@i           cstackCOMRAM 00001C
Mcp2515GetNextFreeTXBuf@txbuf_n     cstackCOMRAM 000013
Mcp2515ReadCanId@F8123              dataBANK0    0000E9
Mcp2515ReadCanId@can_id             cstackCOMRAM 000015
Mcp2515ReadCanId@ext                cstackCOMRAM 000013
Mcp2515ReadCanId@mcp_addr           cstackCOMRAM 000029
Mcp2515ReadCanId@msg                cstackCOMRAM 00002A
Mcp2515ReadCanMsg@cmd               cstackCOMRAM 000034
Mcp2515ReadCanMsg@mcp_addr          cstackCOMRAM 00003E
Mcp2515ReadCanMsg@msg               cstackCOMRAM 000030
Mcp2515Sleep@F8117                  bssBANK0     0000BB
Mcp2515WriteCanId@buf               cstackBANK0  00007B
Mcp2515WriteCanId@can_id            cstackBANK0  000073
Mcp2515WriteCanId@canid             cstackBANK0  000081
Mcp2515WriteCanId@ext               cstackBANK0  000072
Mcp2515WriteCanId@mcp_addr          cstackBANK0  00007A
Mcp2515WriteCanMsg@buf              cstackCOMRAM 000028
Mcp2515WriteCanMsg@buffer_sidh_addr cstackCOMRAM 000032
Mcp2515WriteCanMsg@dlc              cstackCOMRAM 000033
Mcp2515WriteCanMsg@i                cstackCOMRAM 000035
Mcp2515WriteCanMsg@mcp_addr         cstackCOMRAM 000034
Mcp2515WriteCanMsg@msg              cstackCOMRAM 000024
Mcp2515_Init@F8112                  dataBANK0    0000EF
Mcp2515_Init@F8114                  dataBANK0    0000FA
Mcp2515_Init@cmdMask4               cstackBANK0  000095
Mcp2515_Init@cmdWrite3              cstackBANK0  000099
Mcp2515_Init@filterCfg              cstackBANK0  000085
Mcp2515_Init@i                      cstackBANK0  000094
Mcp2515_Init@speedCfg               cstackBANK0  000083
Mcp2515_Reset@cmd                   cstackBANK0  000072
Mcp2515_Reset@i                     cstackBANK0  000073
SPIRW@i                             cstackBANK0  000068
SPIRW@rx                            cstackBANK0  000062
SPIRW@size                          cstackBANK0  000064
SPIRW@tx                            cstackBANK0  000060
Spi_ReadWrite@rx_tx                 cstackCOMRAM 00000D
Spi_ReadWrite@size                  cstackCOMRAM 00000F
Spi_Write@size                      cstackBANK0  00006E
Spi_Write@tx                        cstackBANK0  00006C
_BRG161                             (abs)        007B2B
_BRGH1                              (abs)        007D62
_CKE1                               (abs)        007E3E
_CKP1                               (abs)        007E34
_CREN1                              (abs)        007D5C
_Can_GetMessage                     text9        002164
_Can_GetStatus                      text44       00300E
_Can_Init                           text10       0032D8
_Can_Isr                            text31       0031CA
_Can_OutBufferStatus                text43       00347A
_Can_PutMessage                     text8        001CC2
_Can_ReadInBuffer                   text37       003212
_Can_ReadMessage                    text38       00286E
_Can_SendMessage                    text33       002FAA
_Can_WriteOutBuffer                 text32       003434
_GIE                                (abs)        007F97
_INT3IE                             (abs)        007F85
_INT3IF                             (abs)        007F82
_INTEDG3                            (abs)        007F8B
_LATD1                              (abs)        007C61
_LATF6                              (abs)        007C76
_LATF7                              (abs)        007C77
_LATG0                              (abs)        007C78
_Mcp2515GetNextFreeTXBuf            text36       002C0C
_Mcp2515ReadCanId                   text42       001B16
_Mcp2515ReadCanMsg                  text40       00255C
_Mcp2515WriteCanId                  text13       00266A
_Mcp2515WriteCanMsg                 text34       002434
_Mcp2515_Init                       text11       001042
_Mcp2515_Reset                      text12       002EDE
_OSCCON                             (abs)        000FD3
_PEIE                               (abs)        007F96
_PLLEN                              (abs)        007CDE
_RB3                                (abs)        007C0B
_SPBRG1                             (abs)        000FAF
_SPBRGH1                            (abs)        000FD4
_SPEN1                              (abs)        007D5F
_SPIRW                              text15       002AE8
_SSP1IF                             (abs)        007CF3
_SSPBUF                             (abs)        000FC9
_SSPCON1                            (abs)        000FC6
_SSPEN1                             (abs)        007E35
_SSPIF                              (abs)        007CF3
_SYNC1                              (abs)        007D64
_Spi_ReadWrite                      text45       0033EC
_Spi_Write                          text14       003372
_T0CONbits                          (abs)        000FD5
_TMR0                               (abs)        000FD6
_TMR0IE                             (abs)        007F95
_TMR0IF                             (abs)        007F92
_TRISC3                             (abs)        007CA3
_TRISC4                             (abs)        007CA4
_TRISC5                             (abs)        007CA5
_TRISD1                             (abs)        007CA9
_TRISF6                             (abs)        007CBE
_TRISF7                             (abs)        007CBF
_TRISG0                             (abs)        007CC0
_TXEN1                              (abs)        007D65
_TXIF                               (abs)        007CF4
_TXREG                              (abs)        000FAD
__CFG_BBSIZ$BB1K                    (abs)        000000
__CFG_BOREN$OFF                     (abs)        000000
__CFG_BORPWR$LOW                    (abs)        000000
__CFG_BORV$2                        (abs)        000000
__CFG_CCP2MX$PORTBE                 (abs)        000000
__CFG_CP0$OFF                       (abs)        000000
__CFG_CP1$OFF                       (abs)        000000
__CFG_CP2$OFF                       (abs)        000000
__CFG_CP3$OFF                       (abs)        000000
__CFG_CP4$OFF                       (abs)        000000
__CFG_CP5$OFF                       (abs)        000000
__CFG_CP6$OFF                       (abs)        000000
__CFG_CP7$OFF                       (abs)        000000
__CFG_CPB$OFF                       (abs)        000000
__CFG_CPD$OFF                       (abs)        000000
__CFG_DEBUG$ON                      (abs)        000000
__CFG_EBRT0$OFF                     (abs)        000000
__CFG_EBRT1$OFF                     (abs)        000000
__CFG_EBRT2$OFF                     (abs)        000000
__CFG_EBRT3$OFF                     (abs)        000000
__CFG_EBRT4$OFF                     (abs)        000000
__CFG_EBRT5$OFF                     (abs)        000000
__CFG_EBRT6$OFF                     (abs)        000000
__CFG_EBRT7$OFF                     (abs)        000000
__CFG_EBRTB$OFF                     (abs)        000000
__CFG_FCMEN$OFF                     (abs)        000000
__CFG_FOSC$INTIO2                   (abs)        000000
__CFG_IESO$OFF                      (abs)        000000
__CFG_INTOSCSEL$LOW                 (abs)        000000
__CFG_MCLRE$ON                      (abs)        000000
__CFG_MSSPMSK$MSK7                  (abs)        000000
__CFG_PLLCFG$ON                     (abs)        000000
__CFG_PWRTEN$ON                     (abs)        000000
__CFG_RETEN$OFF                     (abs)        000000
__CFG_RTCOSC$SOSCREF                (abs)        000000
__CFG_SOSCSEL$LOW                   (abs)        000000
__CFG_STVREN$ON                     (abs)        000000
__CFG_WDTEN$OFF                     (abs)        000000
__CFG_WDTPS$1                       (abs)        000000
__CFG_WRT0$OFF                      (abs)        000000
__CFG_WRT1$OFF                      (abs)        000000
__CFG_WRT2$OFF                      (abs)        000000
__CFG_WRT3$OFF                      (abs)        000000
__CFG_WRT4$OFF                      (abs)        000000
__CFG_WRT5$OFF                      (abs)        000000
__CFG_WRT6$OFF                      (abs)        000000
__CFG_WRT7$OFF                      (abs)        000000
__CFG_WRTB$OFF                      (abs)        000000
__CFG_WRTC$OFF                      (abs)        000000
__CFG_WRTD$OFF                      (abs)        000000
__CFG_XINST$OFF                     (abs)        000000
__HRAM                              (abs)        000000
__Habs1                             abs1         000000
__Hbank0                            bank0        000000
__Hbank1                            bank1        000000
__Hbank10                           bank10       000000
__Hbank11                           bank11       000000
__Hbank12                           bank12       000000
__Hbank13                           bank13       000000
__Hbank14                           bank14       000000
__Hbank15                           bank15       000000
__Hbank2                            bank2        000000
__Hbank3                            bank3        000000
__Hbank4                            bank4        000000
__Hbank5                            bank5        000000
__Hbank6                            bank6        000000
__Hbank7                            bank7        000000
__Hbank8                            bank8        000000
__Hbank9                            bank9        000000
__Hbigbss                           bigbss       000000
__Hbigdata                          bigdata      000000
__Hbigram                           bigram       000000
__Hbss                              bss          000000
__HbssBANK0                         bssBANK0     000000
__HbssBANK1                         bssBANK1     000000
__HbssBANK2                         bssBANK2     000000
__HbssCOMRAM                        bssCOMRAM    000000
__Hcinit                            cinit        000000
__Hclrtext                          clrtext      000000
__Hcomram                           comram       000000
__Hconfig                           config       30000E
__Hconst                            const        000000
__HcstackBANK0                      cstackBANK0  000000
__HcstackCOMRAM                     cstackCOMRAM 000000
__Hdata                             data         000000
__HdataBANK0                        dataBANK0    000000
__HdataCOMRAM                       dataCOMRAM   000000
__Heeprom_data                      eeprom_data  000000
__Hfarbss                           farbss       000000
__Hfardata                          fardata      000000
__Hibigdata                         ibigdata     000000
__Hidata                            idata        000000
__HidataBANK0                       idataBANK0   000000
__HidataCOMRAM                      idataCOMRAM  000000
__Hidloc                            idloc        200008
__Hifardata                         ifardata     000000
__Hinit                             init         0000A8
__Hintcode                          intcode      0000A4
__Hintcode_body                     intcode_body 000000
__Hintcodelo                        intcodelo    0000A4
__Hintentry                         intentry     000000
__Hintret                           intret       000000
__Hintsave_regs                     intsave_regs 000000
__Hirdata                           irdata       000000
__Hmediumconst                      mediumconst  000000
__HnvFARRAM                         nvFARRAM     000000
__Hnvbit                            nvbit        000000
__Hnvrram                           nvrram       000000
__Hparam                            rparam       000000
__Hpowerup                          powerup      0000A4
__Hram                              ram          000000
__Hramtop                           ramtop       001000
__Hrbit                             rbit         000000
__Hrbss                             rbss         000000
__Hrdata                            rdata        000000
__Hreset_vec                        reset_vec    000004
__Hrparam                           rparam       000000
__Hsfr                              sfr          000000
__Hsmallconst                       smallconst   001042
__Hspace_0                          (abs)        30000E
__Hspace_1                          (abs)        000290
__Hspace_2                          (abs)        000000
__Hstack                            stack        000000
__Hstruct                           struct       000000
__Htemp                             temp         000060
__Htext                             text         000000
__Htext0                            text0        000000
__Htext1                            text1        000000
__Htext10                           text10       000000
__Htext11                           text11       000000
__Htext12                           text12       000000
__Htext13                           text13       000000
__Htext14                           text14       000000
__Htext15                           text15       000000
__Htext16                           text16       000000
__Htext18                           text18       000000
__Htext19                           text19       000000
__Htext2                            text2        000000
__Htext20                           text20       000000
__Htext21                           text21       000000
__Htext22                           text22       000000
__Htext23                           text23       000000
__Htext24                           text24       000000
__Htext25                           text25       000000
__Htext26                           text26       000000
__Htext27                           text27       000000
__Htext28                           text28       000000
__Htext29                           text29       000000
__Htext3                            text3        000000
__Htext30                           text30       000000
__Htext31                           text31       000000
__Htext32                           text32       000000
__Htext33                           text33       000000
__Htext34                           text34       000000
__Htext35                           text35       000000
__Htext36                           text36       000000
__Htext37                           text37       000000
__Htext38                           text38       000000
__Htext39                           text39       000000
__Htext4                            text4        000000
__Htext40                           text40       000000
__Htext41                           text41       000000
__Htext42                           text42       000000
__Htext43                           text43       000000
__Htext44                           text44       000000
__Htext45                           text45       000000
__Htext46                           text46       000000
__Htext5                            text5        000000
__Htext6                            text6        000000
__Htext7                            text7        000000
__Htext8                            text8        000000
__Htext9                            text9        000000
__LRAM                              (abs)        000001
__Labs1                             abs1         000000
__Lbank0                            bank0        000000
__Lbank1                            bank1        000000
__Lbank10                           bank10       000000
__Lbank11                           bank11       000000
__Lbank12                           bank12       000000
__Lbank13                           bank13       000000
__Lbank14                           bank14       000000
__Lbank15                           bank15       000000
__Lbank2                            bank2        000000
__Lbank3                            bank3        000000
__Lbank4                            bank4        000000
__Lbank5                            bank5        000000
__Lbank6                            bank6        000000
__Lbank7                            bank7        000000
__Lbank8                            bank8        000000
__Lbank9                            bank9        000000
__Lbigbss                           bigbss       000000
__Lbigdata                          bigdata      000000
__Lbigram                           bigram       000000
__Lbss                              bss          000000
__LbssBANK0                         bssBANK0     000000
__LbssBANK1                         bssBANK1     000000
__LbssBANK2                         bssBANK2     000000
__LbssCOMRAM                        bssCOMRAM    000000
__Lcinit                            cinit        000000
__Lclrtext                          clrtext      000000
__Lcomram                           comram       000000
__Lconfig                           config       300000
__Lconst                            const        000000
__LcstackBANK0                      cstackBANK0  000000
__LcstackCOMRAM                     cstackCOMRAM 000000
__Ldata                             data         000000
__LdataBANK0                        dataBANK0    000000
__LdataCOMRAM                       dataCOMRAM   000000
__Leeprom_data                      eeprom_data  000000
__Lfarbss                           farbss       000000
__Lfardata                          fardata      000000
__Libigdata                         ibigdata     000000
__Lidata                            idata        000000
__LidataBANK0                       idataBANK0   000000
__LidataCOMRAM                      idataCOMRAM  000000
__Lidloc                            idloc        200000
__Lifardata                         ifardata     000000
__Linit                             init         0000A4
__Lintcode                          intcode      000008
__Lintcode_body                     intcode_body 000000
__Lintcodelo                        intcodelo    0000A4
__Lintentry                         intentry     000000
__Lintret                           intret       000000
__Lintsave_regs                     intsave_regs 000000
__Lirdata                           irdata       000000
__Lmediumconst                      mediumconst  000000
__LnvFARRAM                         nvFARRAM     000000
__Lnvbit                            nvbit        000000
__Lnvrram                           nvrram       000000
__Lparam                            rparam       000000
__Lpowerup                          powerup      0000A4
__Lram                              ram          000000
__Lramtop                           ramtop       001000
__Lrbit                             rbit         000000
__Lrbss                             rbss         000000
__Lrdata                            rdata        000000
__Lreset_vec                        reset_vec    000000
__Lrparam                           rparam       000000
__Lsfr                              sfr          000000
__Lsmallconst                       smallconst   001000
__Lspace_0                          (abs)        000000
__Lspace_1                          (abs)        000000
__Lspace_2                          (abs)        000000
__Lstack                            stack        000000
__Lstruct                           struct       000000
__Ltemp                             temp         00005F
__Ltext                             text         000000
__Ltext0                            text0        000000
__Ltext1                            text1        000000
__Ltext10                           text10       000000
__Ltext11                           text11       000000
__Ltext12                           text12       000000
__Ltext13                           text13       000000
__Ltext14                           text14       000000
__Ltext15                           text15       000000
__Ltext16                           text16       000000
__Ltext18                           text18       000000
__Ltext19                           text19       000000
__Ltext2                            text2        000000
__Ltext20                           text20       000000
__Ltext21                           text21       000000
__Ltext22                           text22       000000
__Ltext23                           text23       000000
__Ltext24                           text24       000000
__Ltext25                           text25       000000
__Ltext26                           text26       000000
__Ltext27                           text27       000000
__Ltext28                           text28       000000
__Ltext29                           text29       000000
__Ltext3                            text3        000000
__Ltext30                           text30       000000
__Ltext31                           text31       000000
__Ltext32                           text32       000000
__Ltext33                           text33       000000
__Ltext34                           text34       000000
__Ltext35                           text35       000000
__Ltext36                           text36       000000
__Ltext37                           text37       000000
__Ltext38                           text38       000000
__Ltext39                           text39       000000
__Ltext4                            text4        000000
__Ltext40                           text40       000000
__Ltext41                           text41       000000
__Ltext42                           text42       000000
__Ltext43                           text43       000000
__Ltext44                           text44       000000
__Ltext45                           text45       000000
__Ltext46                           text46       000000
__Ltext5                            text5        000000
__Ltext6                            text6        000000
__Ltext7                            text7        000000
__Ltext8                            text8        000000
__Ltext9                            text9        000000
__S0                                (abs)        30000E
__S1                                (abs)        000290
__S2                                (abs)        000000
___inthi_sp                         stack        000000
___intlo_sp                         stack        000000
___param_bank                       (abs)        000000
___rparam_used                      (abs)        000001
___sp                               stack        000000
___wmul                             text7        003310
___wmul@multiplicand                cstackBANK0  000062
___wmul@multiplier                  cstackBANK0  000060
___wmul@product                     cstackBANK0  000064
__accesstop                         (abs)        000060
__activetblptr                      (abs)        000003
__end_of_Can_GetMessage             text9        0022DE
__end_of_Can_GetStatus              text44       003070
__end_of_Can_Init                   text10       003310
__end_of_Can_Isr                    text31       003212
__end_of_Can_OutBufferStatus        text43       003480
__end_of_Can_PutMessage             text8        001E68
__end_of_Can_ReadInBuffer           text37       003256
__end_of_Can_ReadMessage            text38       002968
__end_of_Can_SendMessage            text33       00300E
__end_of_Can_WriteOutBuffer         text32       003454
__end_of_Mcp2515GetNextFreeTXBuf    text36       002C94
__end_of_Mcp2515ReadCanId           text42       001CC2
__end_of_Mcp2515ReadCanMsg          text40       00266A
__end_of_Mcp2515WriteCanId          text13       00276C
__end_of_Mcp2515WriteCanMsg         text34       00255C
__end_of_Mcp2515_Init               text11       00164E
__end_of_Mcp2515_Reset              text12       002F44
__end_of_SPIRW                      text15       002B7A
__end_of_Spi_ReadWrite              text45       003412
__end_of_Spi_Write                  text14       00339C
__end_of___wmul                     text7        003346
__end_of__initialization            cinit        002E6A
__end_of_canSpeed1000k              smallconst   001008
__end_of_canSpeed100k               smallconst   001024
__end_of_canSpeed10k                smallconst   001039
__end_of_canSpeed125k               smallconst   001040
__end_of_canSpeed20k                smallconst   001032
__end_of_canSpeed250k               smallconst   00101D
__end_of_canSpeed500k               smallconst   001016
__end_of_canSpeed50k                smallconst   00102B
__end_of_canSpeed800k               smallconst   00100F
__end_of_decrPriority               text16       002A2A
__end_of_firstRound                 text24       00286E
__end_of_getConflict                text23       0033C6
__end_of_high_isr                   intcode      0000A4
__end_of_init                       text3        002D18
__end_of_initLogic                  text2        002E08
__end_of_main                       text0        001B16
__end_of_memcpy                     text41       00329A
__end_of_onTimeout                  text18       003372
__end_of_readConflictInfo           text5        001962
__end_of_readID                     text4        00311E
__end_of_requestPed                 text28       002D9A
__end_of_resetData                  text6        0032D8
__end_of_secondRound                text19       002164
__end_of_sendPedestrianLight        text27       0030C8
__end_of_sendTrafficLight           text26       0031CA
__end_of_sendWarningLight           text22       002FAA
__end_of_setLight                   text25       003174
__end_of_setPriority                text1        003434
__end_of_setWarningLight            text21       00347A
__end_of_shiftPriority              text20       002C0C
__end_ofi2_Can_GetMessage           text30       002434
__end_ofi2_Can_PutMessage           text29       001FE8
__end_ofi2_Mcp2515WriteCanId        text35       002AE8
__end_ofi2_SPIRW                    text46       002EDE
__end_ofi2_Spi_Write                text39       0033EC
__initialization                    cinit        002E08
__mediumconst                       mediumconst  000000
__pbssBANK0                         bssBANK0     0000AF
__pbssBANK1                         bssBANK1     000100
__pbssBANK2                         bssBANK2     000200
__pbssCOMRAM                        bssCOMRAM    000058
__pcinit                            cinit        002E08
__pcstackBANK0                      cstackBANK0  000060
__pcstackCOMRAM                     cstackCOMRAM 000001
__pdataBANK0                        dataBANK0    0000E9
__pdataCOMRAM                       dataCOMRAM   00005E
__pidataBANK0                       idataBANK0   003454
__pidataCOMRAM                      idataCOMRAM  003480
__pintcode                          intcode      000008
__psmallconst                       smallconst   001000
__ptext0                            text0        001962
__ptext1                            text1        003412
__ptext10                           text10       0032D8
__ptext11                           text11       001042
__ptext12                           text12       002EDE
__ptext13                           text13       00266A
__ptext14                           text14       003372
__ptext15                           text15       002AE8
__ptext16                           text16       002968
__ptext18                           text18       003346
__ptext19                           text19       001FE8
__ptext2                            text2        002D9A
__ptext20                           text20       002B7A
__ptext21                           text21       00346C
__ptext22                           text22       002F44
__ptext23                           text23       00339C
__ptext24                           text24       00276C
__ptext25                           text25       00311E
__ptext26                           text26       003174
__ptext27                           text27       003070
__ptext28                           text28       002D18
__ptext29                           text29       001E68
__ptext3                            text3        002C94
__ptext30                           text30       0022DE
__ptext31                           text31       0031CA
__ptext32                           text32       003434
__ptext33                           text33       002FAA
__ptext34                           text34       002434
__ptext35                           text35       002A2A
__ptext36                           text36       002C0C
__ptext37                           text37       003212
__ptext38                           text38       00286E
__ptext39                           text39       0033C6
__ptext4                            text4        0030C8
__ptext40                           text40       00255C
__ptext41                           text41       003256
__ptext42                           text42       001B16
__ptext43                           text43       00347A
__ptext44                           text44       00300E
__ptext45                           text45       0033EC
__ptext46                           text46       002E74
__ptext5                            text5        00164E
__ptext6                            text6        00329A
__ptext7                            text7        003310
__ptext8                            text8        001CC2
__ptext9                            text9        002164
__ramtop                            ramtop       001000
__size_of_Can_GetMessage            (abs)        000000
__size_of_Can_GetStatus             (abs)        000000
__size_of_Can_Init                  (abs)        000000
__size_of_Can_Isr                   (abs)        000000
__size_of_Can_OutBufferStatus       (abs)        000000
__size_of_Can_PutMessage            (abs)        000000
__size_of_Can_ReadInBuffer          (abs)        000000
__size_of_Can_ReadMessage           (abs)        000000
__size_of_Can_SendMessage           (abs)        000000
__size_of_Can_WriteOutBuffer        (abs)        000000
__size_of_Mcp2515GetNextFreeTXBuf   (abs)        000000
__size_of_Mcp2515ReadCanId          (abs)        000000
__size_of_Mcp2515ReadCanMsg         (abs)        000000
__size_of_Mcp2515WriteCanId         (abs)        000000
__size_of_Mcp2515WriteCanMsg        (abs)        000000
__size_of_Mcp2515_Init              (abs)        000000
__size_of_Mcp2515_Reset             (abs)        000000
__size_of_SPIRW                     (abs)        000000
__size_of_Spi_ReadWrite             (abs)        000000
__size_of_Spi_Write                 (abs)        000000
__size_of___wmul                    (abs)        000000
__size_of_decrPriority              (abs)        000000
__size_of_firstRound                (abs)        000000
__size_of_getConflict               (abs)        000000
__size_of_high_isr                  (abs)        000000
__size_of_init                      (abs)        000000
__size_of_initLogic                 (abs)        000000
__size_of_main                      (abs)        000000
__size_of_memcpy                    (abs)        000000
__size_of_onTimeout                 (abs)        000000
__size_of_readConflictInfo          (abs)        000000
__size_of_readID                    (abs)        000000
__size_of_requestPed                (abs)        000000
__size_of_resetData                 (abs)        000000
__size_of_secondRound               (abs)        000000
__size_of_sendPedestrianLight       (abs)        000000
__size_of_sendTrafficLight          (abs)        000000
__size_of_sendWarningLight          (abs)        000000
__size_of_setLight                  (abs)        000000
__size_of_setPriority               (abs)        000000
__size_of_setWarningLight           (abs)        000000
__size_of_shiftPriority             (abs)        000000
__size_ofi2_Can_GetMessage          (abs)        000000
__size_ofi2_Can_PutMessage          (abs)        000000
__size_ofi2_Mcp2515WriteCanId       (abs)        000000
__size_ofi2_SPIRW                   (abs)        000000
__size_ofi2_Spi_Write               (abs)        000000
__smallconst                        smallconst   001000
_bottomLeft                         bssBANK0     0000C4
_bottomRight                        bssCOMRAM    00005C
_canSpeed1000k                      smallconst   001001
_canSpeed100k                       smallconst   00101D
_canSpeed10k                        smallconst   001032
_canSpeed125k                       smallconst   001039
_canSpeed20k                        smallconst   00102B
_canSpeed250k                       smallconst   001016
_canSpeed500k                       smallconst   00100F
_canSpeed50k                        smallconst   001024
_canSpeed800k                       smallconst   001008
_colorLights                        bssBANK1     00010C
_conflicts                          bssBANK2     000200
_decrPriority                       text16       002968
_durationLights                     bssBANK1     000118
_filter                             bssBANK1     0001AC
_firstRound                         text24       00276C
_getConflict                        text23       00339C
_high_isr                           intcode      000008
_id                                 bssBANK0     0000C6
_init                               text3        002C94
_initLogic                          text2        002D9A
_main                               text0        001962
_memcpy                             text41       003256
_message                            bssBANK0     0000D8
_messageTx                          bssBANK0     0000C7
_nbTx0                              bssBANK0     0000C0
_nbTx1                              bssBANK0     0000BF
_nbTx2                              bssBANK0     0000BE
_numberWaitingUsers                 bssCOMRAM    00005D
_occupancyPaths                     bssBANK1     000100
_onTimeout                          text18       003346
_priorityUser                       bssBANK0     0000AF
_readConflictInfo                   text5        00164E
_readID                             text4        0030C8
_requestPed                         text28       002D18
_resetData                          text6        00329A
_rxBuffer                           bssBANK1     000168
_rxBufferCount                      bssCOMRAM    000059
_rxBufferPtrIn                      bssCOMRAM    00005A
_rxBufferPtrOut                     bssBANK0     0000C3
_secondRound                        text19       001FE8
_sendPedestrianLight                text27       003070
_sendTrafficLight                   text26       003174
_sendWarningLight                   text22       002F44
_setLight                           text25       00311E
_setPriority                        text1        003412
_setWarningLight                    text21       00346C
_shiftPriority                      text20       002B7A
_topLeft                            bssBANK0     0000C5
_topRight                           bssCOMRAM    00005B
_txBuffer                           bssBANK1     000124
_txBufferCount                      bssBANK0     0000C1
_txBufferPtrIn                      bssBANK0     0000C2
_txBufferPtrOut                     bssCOMRAM    000058
btemp                               temp         00005F
decrPriority@i                      cstackBANK0  000064
decrPriority@modified               cstackBANK0  000063
decrPriority@user                   cstackBANK0  000062
end_of_initialization               cinit        002E6A
firstRound@color                    cstackCOMRAM 00000E
firstRound@duration                 cstackCOMRAM 000010
firstRound@i                        cstackCOMRAM 000011
firstRound@occupancy                cstackCOMRAM 00000F
getConflict@carPersonConcerned      cstackCOMRAM 000004
getConflict@carPersonToLookAt       cstackCOMRAM 000001
i2Can_GetMessage@i                  cstackCOMRAM 000005
i2Can_GetMessage@msgPtr             cstackCOMRAM 000001
i2Can_PutMessage@i                  cstackCOMRAM 000005
i2Can_PutMessage@msgPtr             cstackCOMRAM 000001
i2Mcp2515WriteCanId@buf             cstackCOMRAM 00001C
i2Mcp2515WriteCanId@can_id          cstackCOMRAM 000014
i2Mcp2515WriteCanId@canid           cstackCOMRAM 000022
i2Mcp2515WriteCanId@ext             cstackCOMRAM 000013
i2Mcp2515WriteCanId@mcp_addr        cstackCOMRAM 00001B
i2SPIRW@i                           cstackCOMRAM 000009
i2SPIRW@rx                          cstackCOMRAM 000003
i2SPIRW@size                        cstackCOMRAM 000005
i2SPIRW@tx                          cstackCOMRAM 000001
i2Spi_Write@size                    cstackCOMRAM 00000F
i2Spi_Write@tx                      cstackCOMRAM 00000D
i2_Can_GetMessage                   text30       0022DE
i2_Can_PutMessage                   text29       001E68
i2_Mcp2515WriteCanId                text35       002A2A
i2_SPIRW                            text46       002E74
i2_Spi_Write                        text39       0033C6
initLogic@i                         cstackBANK0  000060
int$flags                           temp         00005F
intlevel0                           text         000000
intlevel1                           text         000000
intlevel2                           text         000000
intlevel3                           text         000000
main@cmd                            cstackBANK0  0000A9
main@i                              cstackBANK0  0000AC
main@i_120                          cstackBANK0  0000AD
main@isAlreadyWaiting               cstackBANK0  0000AB
main@user                           cstackBANK0  0000AE
memcpy@d                            cstackCOMRAM 000007
memcpy@d1                           cstackCOMRAM 000001
memcpy@n                            cstackCOMRAM 000005
memcpy@s                            cstackCOMRAM 000009
memcpy@s1                           cstackCOMRAM 000003
memcpy@tmp                          cstackCOMRAM 00000B
onTimeout@i                         cstackCOMRAM 000013
readConflictInfo@i                  cstackBANK0  00006C
readConflictInfo@j                  cstackBANK0  00006E
readID@retVal                       cstackBANK0  000065
requestPed@ped                      cstackCOMRAM 00000C
resetData@i                         cstackBANK0  000060
secondRound@conflict                cstackCOMRAM 000010
secondRound@i                       cstackCOMRAM 00000F
secondRound@j                       cstackCOMRAM 000011
secondRound@waitingUser             cstackCOMRAM 000012
sendPedestrianLight@color           cstackCOMRAM 000006
sendPedestrianLight@trafficLight    cstackCOMRAM 000009
sendTrafficLight@color              cstackCOMRAM 000006
sendTrafficLight@trafficLight       cstackCOMRAM 000009
sendWarningLight@state              cstackCOMRAM 000006
sendWarningLight@trafficLight       cstackCOMRAM 00000B
setLight@color                      cstackCOMRAM 00000A
setLight@light                      cstackCOMRAM 00000B
setPriority@carPerson               cstackBANK0  000060
setWarningLight@light               cstackCOMRAM 00000D
setWarningLight@state               cstackCOMRAM 00000C
shiftPriority@i                     cstackCOMRAM 000009
shiftPriority@temp                  cstackCOMRAM 000008
stackhi                             (abs)        000F15
stacklo                             (abs)        000290
start                               init         0000A4
start_initialization                cinit        002E08


FUNCTION INFORMATION:

 *************** function _main *****************
 Defined at:
		line 14 in file "main.c"
 Parameters:    Size  Location     Type
  argc            2   64[BANK0 ] int 
  argv            3   66[BANK0 ] PTR PTR unsigned char 
 Auto vars:     Size  Location     Type
  i               1   77[BANK0 ] unsigned char 
  i               1   76[BANK0 ] unsigned char 
  isAlreadyWai    1   75[BANK0 ] unsigned char 
  cmd             2   73[BANK0 ] unsigned int 
  user            1   78[BANK0 ] unsigned char 
 Return value:  Size  Location     Type
                  2   64[BANK0 ] int 
 Registers used:
		wreg, fsr1l, fsr1h, fsr2l, fsr2h, status,2, status,0, tblptrl, tblptrh, tblptru, prodl, prodh, cstack
 Tracked objects:
		On entry : 
		On exit  : 
		Unchanged: 
 Data sizes:     COMRAM   BANK0   BANK1   BANK2   BANK3   BANK4   BANK5   BANK6   BANK7   BANK8   BANK9  BANK10  BANK11  BANK12  BANK13  BANK14  BANK15
      Params:         0       5       0       0       0       0       0       0       0       0       0       0       0       0       0       0       0
      Locals:         0       6       0       0       0       0       0       0       0       0       0       0       0       0       0       0       0
      Temps:          0       4       0       0       0       0       0       0       0       0       0       0       0       0       0       0       0
      Totals:         0      15       0       0       0       0       0       0       0       0       0       0       0       0       0       0       0
Total ram usage:       15 bytes
 Hardware stack levels required when called:   14
 This function calls:
		_Can_GetMessage
		_decrPriority
		_init
		_initLogic
		_setPriority
 This function is called by:
		Startup code after reset
 This function uses a non-reentrant model


 *************** function _setPriority *****************
 Defined at:
		line 172 in file "logic.c"
 Parameters:    Size  Location     Type
  carPerson       1    wreg     unsigned char 
 Auto vars:     Size  Location     Type
  carPerson       1    0[BANK0 ] unsigned char 
 Return value:  Size  Location     Type
                  1    wreg      void 
 Registers used:
		wreg, fsr2l, fsr2h, status,2, status,0, prodl, prodh
 Tracked objects:
		On entry : 
		On exit  : 
		Unchanged: 
 Data sizes:     COMRAM   BANK0   BANK1   BANK2   BANK3   BANK4   BANK5   BANK6   BANK7   BANK8   BANK9  BANK10  BANK11  BANK12  BANK13  BANK14  BANK15
      Params:         0       0       0       0       0       0       0       0       0       0       0       0       0       0       0       0       0
      Locals:         0       1       0       0       0       0       0       0       0       0       0       0       0       0       0       0       0
      Temps:          0       0       0       0       0       0       0       0       0       0       0       0       0       0       0       0       0
      Totals:         0       1       0       0       0       0       0       0       0       0       0       0       0       0       0       0       0
Total ram usage:        1 bytes
 Hardware stack levels used:    1
 Hardware stack levels required when called:    8
 This function calls:
		Nothing
 This function is called by:
		_main
 This function uses a non-reentrant model


 *************** function _initLogic *****************
 Defined at:
		line 5 in file "logic.c"
 Parameters:    Size  Location     Type
		None
 Auto vars:     Size  Location     Type
  i               1    0[BANK0 ] unsigned char 
 Return value:  Size  Location     Type
                  1    wreg      void 
 Registers used:
		wreg, fsr2l, fsr2h, status,2, status,0, prodl, prodh
 Tracked objects:
		On entry : 
		On exit  : 
		Unchanged: 
 Data sizes:     COMRAM   BANK0   BANK1   BANK2   BANK3   BANK4   BANK5   BANK6   BANK7   BANK8   BANK9  BANK10  BANK11  BANK12  BANK13  BANK14  BANK15
      Params:         0       0       0       0       0       0       0       0       0       0       0       0       0       0       0       0       0
      Locals:         0       1       0       0       0       0       0       0       0       0       0       0       0       0       0       0       0
      Temps:          0       0       0       0       0       0       0       0       0       0       0       0       0       0       0       0       0
      Totals:         0       1       0       0       0       0       0       0       0       0       0       0       0       0       0       0       0
Total ram usage:        1 bytes
 Hardware stack levels used:    1
 Hardware stack levels required when called:    8
 This function calls:
		Nothing
 This function is called by:
		_main
 This function uses a non-reentrant model


 *************** function _init *****************
 Defined at:
		line 3 in file "function.c"
 Parameters:    Size  Location     Type
		None
 Auto vars:     Size  Location     Type
		None
 Return value:  Size  Location     Type
                  1    wreg      void 
 Registers used:
		wreg, fsr1l, fsr1h, fsr2l, fsr2h, status,2, status,0, tblptrl, tblptrh, tblptru, prodl, prodh, cstack
 Tracked objects:
		On entry : 
		On exit  : 
		Unchanged: 
 Data sizes:     COMRAM   BANK0   BANK1   BANK2   BANK3   BANK4   BANK5   BANK6   BANK7   BANK8   BANK9  BANK10  BANK11  BANK12  BANK13  BANK14  BANK15
      Params:         0       0       0       0       0       0       0       0       0       0       0       0       0       0       0       0       0
      Locals:         0       0       0       0       0       0       0       0       0       0       0       0       0       0       0       0       0
      Temps:          0       0       0       0       0       0       0       0       0       0       0       0       0       0       0       0       0
      Totals:         0       0       0       0       0       0       0       0       0       0       0       0       0       0       0       0       0
Total ram usage:        0 bytes
 Hardware stack levels used:    1
 Hardware stack levels required when called:   13
 This function calls:
		_Can_Init
		_readConflictInfo
		_readID
 This function is called by:
		_main
 This function uses a non-reentrant model


 *************** function _readID *****************
 Defined at:
		line 25 in file "function.c"
 Parameters:    Size  Location     Type
		None
 Auto vars:     Size  Location     Type
  retVal          1    5[BANK0 ] unsigned char 
 Return value:  Size  Location     Type
                  1    wreg      unsigned char 
 Registers used:
		wreg, fsr1l, fsr1h, fsr2l, fsr2h, status,2, status,0, prodl, prodh, cstack
 Tracked objects:
		On entry : 
		On exit  : 
		Unchanged: 
 Data sizes:     COMRAM   BANK0   BANK1   BANK2   BANK3   BANK4   BANK5   BANK6   BANK7   BANK8   BANK9  BANK10  BANK11  BANK12  BANK13  BANK14  BANK15
      Params:         0       0       0       0       0       0       0       0       0       0       0       0       0       0       0       0       0
      Locals:         0       1       0       0       0       0       0       0       0       0       0       0       0       0       0       0       0
      Temps:          0       0       0       0       0       0       0       0       0       0       0       0       0       0       0       0       0
      Totals:         0       1       0       0       0       0       0       0       0       0       0       0       0       0       0       0       0
Total ram usage:        1 bytes
 Hardware stack levels used:    1
 Hardware stack levels required when called:    9
 This function calls:
		_Can_GetMessage
		_Can_PutMessage
		_resetData
 This function is called by:
		_init
 This function uses a non-reentrant model


 *************** function _readConflictInfo *****************
 Defined at:
		line 46 in file "function.c"
 Parameters:    Size  Location     Type
		None
 Auto vars:     Size  Location     Type
  j               2   14[BANK0 ] int 
  i               2   12[BANK0 ] int 
 Return value:  Size  Location     Type
                  1    wreg      void 
 Registers used:
		wreg, fsr1l, fsr1h, fsr2l, fsr2h, status,2, status,0, prodl, prodh, cstack
 Tracked objects:
		On entry : 
		On exit  : 
		Unchanged: 
 Data sizes:     COMRAM   BANK0   BANK1   BANK2   BANK3   BANK4   BANK5   BANK6   BANK7   BANK8   BANK9  BANK10  BANK11  BANK12  BANK13  BANK14  BANK15
      Params:         0       0       0       0       0       0       0       0       0       0       0       0       0       0       0       0       0
      Locals:         0       4       0       0       0       0       0       0       0       0       0       0       0       0       0       0       0
      Temps:          0       6       0       0       0       0       0       0       0       0       0       0       0       0       0       0       0
      Totals:         0      10       0       0       0       0       0       0       0       0       0       0       0       0       0       0       0
Total ram usage:       10 bytes
 Hardware stack levels used:    1
 Hardware stack levels required when called:    9
 This function calls:
		_Can_GetMessage
		_Can_PutMessage
		___wmul
		_resetData
 This function is called by:
		_init
 This function uses a non-reentrant model


 *************** function _resetData *****************
 Defined at:
		line 139 in file "function.c"
 Parameters:    Size  Location     Type
		None
 Auto vars:     Size  Location     Type
  i               2    0[BANK0 ] int 
 Return value:  Size  Location     Type
                  1    wreg      void 
 Registers used:
		wreg, fsr2l, fsr2h, status,2, status,0
 Tracked objects:
		On entry : 
		On exit  : 
		Unchanged: 
 Data sizes:     COMRAM   BANK0   BANK1   BANK2   BANK3   BANK4   BANK5   BANK6   BANK7   BANK8   BANK9  BANK10  BANK11  BANK12  BANK13  BANK14  BANK15
      Params:         0       0       0       0       0       0       0       0       0       0       0       0       0       0       0       0       0
      Locals:         0       2       0       0       0       0       0       0       0       0       0       0       0       0       0       0       0
      Temps:          0       0       0       0       0       0       0       0       0       0       0       0       0       0       0       0       0
      Totals:         0       2       0       0       0       0       0       0       0       0       0       0       0       0       0       0       0
Total ram usage:        2 bytes
 Hardware stack levels used:    1
 Hardware stack levels required when called:    8
 This function calls:
		Nothing
 This function is called by:
		_readID
		_readConflictInfo
 This function uses a non-reentrant model


 *************** function ___wmul *****************
 Defined at:
		line 15 in file "C:\Program Files (x86)\Microchip\xc8\v1.42\sources\common\Umul16.c"
 Parameters:    Size  Location     Type
  multiplier      2    0[BANK0 ] unsigned int 
  multiplicand    2    2[BANK0 ] unsigned int 
 Auto vars:     Size  Location     Type
  product         2    4[BANK0 ] unsigned int 
 Return value:  Size  Location     Type
                  2    0[BANK0 ] unsigned int 
 Registers used:
		wreg, status,2, status,0, prodl, prodh
 Tracked objects:
		On entry : 
		On exit  : 
		Unchanged: 
 Data sizes:     COMRAM   BANK0   BANK1   BANK2   BANK3   BANK4   BANK5   BANK6   BANK7   BANK8   BANK9  BANK10  BANK11  BANK12  BANK13  BANK14  BANK15
      Params:         0       4       0       0       0       0       0       0       0       0       0       0       0       0       0       0       0
      Locals:         0       2       0       0       0       0       0       0       0       0       0       0       0       0       0       0       0
      Temps:          0       0       0       0       0       0       0       0       0       0       0       0       0       0       0       0       0
      Totals:         0       6       0       0       0       0       0       0       0       0       0       0       0       0       0       0       0
Total ram usage:        6 bytes
 Hardware stack levels used:    1
 Hardware stack levels required when called:    8
 This function calls:
		Nothing
 This function is called by:
		_readConflictInfo
 This function uses a non-reentrant model


 *************** function _Can_PutMessage *****************
 Defined at:
		line 200 in file "can.c"
 Parameters:    Size  Location     Type
  msgPtr          2    0[BANK0 ] PTR struct CANMESSAGE
		 -> messageTx(17), 
 Auto vars:     Size  Location     Type
  i               1    4[BANK0 ] unsigned char 
 Return value:  Size  Location     Type
                  1    wreg      unsigned char 
 Registers used:
		wreg, fsr1l, fsr1h, fsr2l, fsr2h, status,2, status,0, prodl, prodh
 Tracked objects:
		On entry : 
		On exit  : 
		Unchanged: 
 Data sizes:     COMRAM   BANK0   BANK1   BANK2   BANK3   BANK4   BANK5   BANK6   BANK7   BANK8   BANK9  BANK10  BANK11  BANK12  BANK13  BANK14  BANK15
      Params:         0       2       0       0       0       0       0       0       0       0       0       0       0       0       0       0       0
      Locals:         0       1       0       0       0       0       0       0       0       0       0       0       0       0       0       0       0
      Temps:          0       2       0       0       0       0       0       0       0       0       0       0       0       0       0       0       0
      Totals:         0       5       0       0       0       0       0       0       0       0       0       0       0       0       0       0       0
Total ram usage:        5 bytes
 Hardware stack levels used:    1
 Hardware stack levels required when called:    8
 This function calls:
		Nothing
 This function is called by:
		_readID
		_readConflictInfo
 This function uses a non-reentrant model


 *************** function _Can_GetMessage *****************
 Defined at:
		line 169 in file "can.c"
 Parameters:    Size  Location     Type
  msgPtr          2    0[BANK0 ] PTR struct CANMESSAGE
		 -> message(17), 
 Auto vars:     Size  Location     Type
  i               1    4[BANK0 ] unsigned char 
 Return value:  Size  Location     Type
                  1    wreg      unsigned char 
 Registers used:
		wreg, fsr1l, fsr1h, fsr2l, fsr2h, status,2, status,0, prodl, prodh
 Tracked objects:
		On entry : 
		On exit  : 
		Unchanged: 
 Data sizes:     COMRAM   BANK0   BANK1   BANK2   BANK3   BANK4   BANK5   BANK6   BANK7   BANK8   BANK9  BANK10  BANK11  BANK12  BANK13  BANK14  BANK15
      Params:         0       2       0       0       0       0       0       0       0       0       0       0       0       0       0       0       0
      Locals:         0       1       0       0       0       0       0       0       0       0       0       0       0       0       0       0       0
      Temps:          0       2       0       0       0       0       0       0       0       0       0       0       0       0       0       0       0
      Totals:         0       5       0       0       0       0       0       0       0       0       0       0       0       0       0       0       0
Total ram usage:        5 bytes
 Hardware stack levels used:    1
 Hardware stack levels required when called:    8
 This function calls:
		Nothing
 This function is called by:
		_main
		_readID
		_readConflictInfo
 This function uses a non-reentrant model


 *************** function _Can_Init *****************
 Defined at:
		line 237 in file "can.c"
 Parameters:    Size  Location     Type
  speedCfg        2   60[BANK0 ] PTR const struct CANSPEE
		 -> canSpeed125k(7), 
  filterCfg       2   62[BANK0 ] PTR struct CANFILTER
		 -> filter(33), 
 Auto vars:     Size  Location     Type
		None
 Return value:  Size  Location     Type
                  1    wreg      void 
 Registers used:
		wreg, fsr2l, fsr2h, status,2, status,0, tblptrl, tblptrh, tblptru, cstack
 Tracked objects:
		On entry : 
		On exit  : 
		Unchanged: 
 Data sizes:     COMRAM   BANK0   BANK1   BANK2   BANK3   BANK4   BANK5   BANK6   BANK7   BANK8   BANK9  BANK10  BANK11  BANK12  BANK13  BANK14  BANK15
      Params:         0       4       0       0       0       0       0       0       0       0       0       0       0       0       0       0       0
      Locals:         0       0       0       0       0       0       0       0       0       0       0       0       0       0       0       0       0
      Temps:          0       0       0       0       0       0       0       0       0       0       0       0       0       0       0       0       0
      Totals:         0       4       0       0       0       0       0       0       0       0       0       0       0       0       0       0       0
Total ram usage:        4 bytes
 Hardware stack levels used:    1
 Hardware stack levels required when called:   12
 This function calls:
		_Mcp2515_Init
 This function is called by:
		_init
 This function uses a non-reentrant model


 *************** function _Mcp2515_Init *****************
 Defined at:
		line 38 in file "mcp2515.c"
 Parameters:    Size  Location     Type
  speedCfg        2   35[BANK0 ] PTR const struct CANSPEE
		 -> canSpeed125k(7), 
  filterCfg       2   37[BANK0 ] PTR struct CANFILTER
		 -> filter(33), 
 Auto vars:     Size  Location     Type
  cmdMask4        4   53[BANK0 ] unsigned char [4]
  cmdWrite3       3   57[BANK0 ] unsigned char [3]
  i               1   52[BANK0 ] unsigned char 
 Return value:  Size  Location     Type
                  1    wreg      void 
 Registers used:
		wreg, fsr2l, fsr2h, status,2, status,0, tblptrl, tblptrh, tblptru, cstack
 Tracked objects:
		On entry : 
		On exit  : 
		Unchanged: 
 Data sizes:     COMRAM   BANK0   BANK1   BANK2   BANK3   BANK4   BANK5   BANK6   BANK7   BANK8   BANK9  BANK10  BANK11  BANK12  BANK13  BANK14  BANK15
      Params:         0       4       0       0       0       0       0       0       0       0       0       0       0       0       0       0       0
      Locals:         0       8       0       0       0       0       0       0       0       0       0       0       0       0       0       0       0
      Temps:          0      13       0       0       0       0       0       0       0       0       0       0       0       0       0       0       0
      Totals:         0      25       0       0       0       0       0       0       0       0       0       0       0       0       0       0       0
Total ram usage:       25 bytes
 Hardware stack levels used:    1
 Hardware stack levels required when called:   11
 This function calls:
		_Mcp2515WriteCanId
		_Mcp2515_Reset
		_Spi_Write
 This function is called by:
		_Can_Init
 This function uses a non-reentrant model


 *************** function _Mcp2515_Reset *****************
 Defined at:
		line 21 in file "mcp2515.c"
 Parameters:    Size  Location     Type
		None
 Auto vars:     Size  Location     Type
  i               4   19[BANK0 ] unsigned long 
  cmd             1   18[BANK0 ] unsigned char 
 Return value:  Size  Location     Type
                  1    wreg      void 
 Registers used:
		wreg, fsr2l, fsr2h, status,2, status,0, cstack
 Tracked objects:
		On entry : 
		On exit  : 
		Unchanged: 
 Data sizes:     COMRAM   BANK0   BANK1   BANK2   BANK3   BANK4   BANK5   BANK6   BANK7   BANK8   BANK9  BANK10  BANK11  BANK12  BANK13  BANK14  BANK15
      Params:         0       0       0       0       0       0       0       0       0       0       0       0       0       0       0       0       0
      Locals:         0       5       0       0       0       0       0       0       0       0       0       0       0       0       0       0       0
      Temps:          0       0       0       0       0       0       0       0       0       0       0       0       0       0       0       0       0
      Totals:         0       5       0       0       0       0       0       0       0       0       0       0       0       0       0       0       0
Total ram usage:        5 bytes
 Hardware stack levels used:    1
 Hardware stack levels required when called:   10
 This function calls:
		_Spi_Write
 This function is called by:
		_Mcp2515_Init
 This function uses a non-reentrant model


 *************** function _Mcp2515WriteCanId *****************
 Defined at:
		line 233 in file "mcp2515.c"
 Parameters:    Size  Location     Type
  mcp_addr        1    wreg     unsigned char 
  ext             1   18[BANK0 ] unsigned char 
  can_id          4   19[BANK0 ] unsigned long 
 Auto vars:     Size  Location     Type
  mcp_addr        1   26[BANK0 ] unsigned char 
  buf             6   27[BANK0 ] unsigned char [6]
  canid           2   33[BANK0 ] unsigned int 
 Return value:  Size  Location     Type
                  1    wreg      void 
 Registers used:
		wreg, fsr2l, fsr2h, status,2, status,0, cstack
 Tracked objects:
		On entry : 
		On exit  : 
		Unchanged: 
 Data sizes:     COMRAM   BANK0   BANK1   BANK2   BANK3   BANK4   BANK5   BANK6   BANK7   BANK8   BANK9  BANK10  BANK11  BANK12  BANK13  BANK14  BANK15
      Params:         0       5       0       0       0       0       0       0       0       0       0       0       0       0       0       0       0
      Locals:         0       9       0       0       0       0       0       0       0       0       0       0       0       0       0       0       0
      Temps:          0       3       0       0       0       0       0       0       0       0       0       0       0       0       0       0       0
      Totals:         0      17       0       0       0       0       0       0       0       0       0       0       0       0       0       0       0
[...]
  error           1   68[COMRAM] unsigned char 
 Return value:  Size  Location     Type
                  1    wreg      unsigned char 
 Registers used:
		wreg, fsr1l, fsr1h, fsr2l, fsr2h, status,2, status,0, prodl, prodh, cstack
 Tracked objects:
		On entry : 
		On exit  : 
		Unchanged: 
 Data sizes:     COMRAM   BANK0   BANK1   BANK2   BANK3   BANK4   BANK5   BANK6   BANK7   BANK8   BANK9  BANK10  BANK11  BANK12  BANK13  BANK14  BANK15
      Params:         0       0       0       0       0       0       0       0       0       0       0       0       0       0       0       0       0
      Locals:         3       0       0       0       0       0       0       0       0       0       0       0       0       0       0       0       0
      Temps:          0       0       0       0       0       0       0       0       0       0       0       0       0       0       0       0       0
      Totals:         3       0       0       0       0       0       0       0       0       0       0       0       0       0       0       0       0
Total ram usage:        3 bytes
 Hardware stack levels used:    1
 Hardware stack levels required when called:    5
 This function calls:
		_Can_ReadMessage
 This function is called by:
		_Can_Isr
 This function uses a non-reentrant model


 *************** function _Can_ReadMessage *****************
 Defined at:
		line 372 in file "can.c"
 Parameters:    Size  Location     Type
  msg             2   62[COMRAM] PTR struct CANMESSAGE
		 -> rxBuffer(68), 
 Auto vars:     Size  Location     Type
  buf             4   64[COMRAM] unsigned char [4]
 Return value:  Size  Location     Type
                  1    wreg      unsigned char 
 Registers used:
		wreg, fsr1l, fsr1h, fsr2l, fsr2h, status,2, status,0, cstack
 Tracked objects:
		On entry : 
		On exit  : 
		Unchanged: 
 Data sizes:     COMRAM   BANK0   BANK1   BANK2   BANK3   BANK4   BANK5   BANK6   BANK7   BANK8   BANK9  BANK10  BANK11  BANK12  BANK13  BANK14  BANK15
      Params:         2       0       0       0       0       0       0       0       0       0       0       0       0       0       0       0       0
      Locals:         4       0       0       0       0       0       0       0       0       0       0       0       0       0       0       0       0
      Temps:          0       0       0       0       0       0       0       0       0       0       0       0       0       0       0       0       0
      Totals:         6       0       0       0       0       0       0       0       0       0       0       0       0       0       0       0       0
Total ram usage:        6 bytes
 Hardware stack levels used:    1
 Hardware stack levels required when called:    4
 This function calls:
		_Mcp2515ReadCanMsg
		_Spi_ReadWrite
		i2_Spi_Write
 This function is called by:
		_Can_ReadInBuffer
 This function uses a non-reentrant model


 *************** function i2_Spi_Write *****************
 Defined at:
		line 332 in file "can.c"
 Parameters:    Size  Location     Type
  tx              2   12[COMRAM] PTR unsigned char 
		 -> Mcp2515WriteCanMsg@buf(10), Mcp2515WriteCanId@buf(6), Mcp2515Sleep@cmdMask4(3), Mcp2515_Init@cmdWrite3(3), 
		 -> Mcp2515_Init@cmdMask4(4), Mcp2515_Reset@cmd(1), Can_SendMessage@buf(4), Can_ReadMessage@buf(4), 
  size            4   14[COMRAM] unsigned long 
 Auto vars:     Size  Location     Type
		None
 Return value:  Size  Location     Type
                  1    wreg      void 
 Registers used:
		wreg, fsr2l, fsr2h, status,2, status,0, cstack
 Tracked objects:
		On entry : 
		On exit  : 
		Unchanged: 
 Data sizes:     COMRAM   BANK0   BANK1   BANK2   BANK3   BANK4   BANK5   BANK6   BANK7   BANK8   BANK9  BANK10  BANK11  BANK12  BANK13  BANK14  BANK15
      Params:         6       0       0       0       0       0       0       0       0       0       0       0       0       0       0       0       0
      Locals:         0       0       0       0       0       0       0       0       0       0       0       0       0       0       0       0       0
      Temps:          0       0       0       0       0       0       0       0       0       0       0       0       0       0       0       0       0
      Totals:         6       0       0       0       0       0       0       0       0       0       0       0       0       0       0       0       0
Total ram usage:        6 bytes
 Hardware stack levels used:    1
 Hardware stack levels required when called:    1
 This function calls:
		i2_SPIRW
 This function is called by:
		_Can_ReadMessage
		_Can_SendMessage
		_Mcp2515WriteCanMsg
		i2_Mcp2515WriteCanId
 This function uses a non-reentrant model


 *************** function _Mcp2515ReadCanMsg *****************
 Defined at:
		line 194 in file "mcp2515.c"
 Parameters:    Size  Location     Type
  mcp_addr        1    wreg     const unsigned char 
  msg             2   47[COMRAM] PTR struct CANMESSAGE
		 -> rxBuffer(68), 
 Auto vars:     Size  Location     Type
  mcp_addr        1   61[COMRAM] const unsigned char 
  cmd            10   51[COMRAM] unsigned char [10]
 Return value:  Size  Location     Type
                  1    wreg      void 
 Registers used:
		wreg, fsr1l, fsr1h, fsr2l, fsr2h, status,2, status,0, cstack
 Tracked objects:
		On entry : 
		On exit  : 
		Unchanged: 
 Data sizes:     COMRAM   BANK0   BANK1   BANK2   BANK3   BANK4   BANK5   BANK6   BANK7   BANK8   BANK9  BANK10  BANK11  BANK12  BANK13  BANK14  BANK15
      Params:         2       0       0       0       0       0       0       0       0       0       0       0       0       0       0       0       0
      Locals:        11       0       0       0       0       0       0       0       0       0       0       0       0       0       0       0       0
      Temps:          2       0       0       0       0       0       0       0       0       0       0       0       0       0       0       0       0
      Totals:        15       0       0       0       0       0       0       0       0       0       0       0       0       0       0       0       0
Total ram usage:       15 bytes
 Hardware stack levels used:    1
 Hardware stack levels required when called:    3
 This function calls:
		_Mcp2515ReadCanId
		_Spi_ReadWrite
		_memcpy
 This function is called by:
		_Can_ReadMessage
 This function uses a non-reentrant model


 *************** function _memcpy *****************
 Defined at:
		line 27 in file "C:\Program Files (x86)\Microchip\xc8\v1.42\sources\common\memcpy.c"
 Parameters:    Size  Location     Type
  d1              2    0[COMRAM] PTR void 
		 -> rxBuffer(68), 
  s1              2    2[COMRAM] PTR const void 
		 -> Mcp2515ReadCanMsg@cmd(10), 
  n               2    4[COMRAM] unsigned int 
 Auto vars:     Size  Location     Type
  s               2    8[COMRAM] PTR const unsigned char 
		 -> Mcp2515ReadCanMsg@cmd(10), 
  d               2    6[COMRAM] PTR unsigned char 
		 -> rxBuffer(68), 
  tmp             1   10[COMRAM] unsigned char 
 Return value:  Size  Location     Type
                  2    0[COMRAM] PTR void 
 Registers used:
		wreg, fsr2l, fsr2h, status,2, status,0
 Tracked objects:
		On entry : 
		On exit  : 
		Unchanged: 
 Data sizes:     COMRAM   BANK0   BANK1   BANK2   BANK3   BANK4   BANK5   BANK6   BANK7   BANK8   BANK9  BANK10  BANK11  BANK12  BANK13  BANK14  BANK15
      Params:         6       0       0       0       0       0       0       0       0       0       0       0       0       0       0       0       0
      Locals:         5       0       0       0       0       0       0       0       0       0       0       0       0       0       0       0       0
      Temps:          0       0       0       0       0       0       0       0       0       0       0       0       0       0       0       0       0
      Totals:        11       0       0       0       0       0       0       0       0       0       0       0       0       0       0       0       0
Total ram usage:       11 bytes
 Hardware stack levels used:    1
 This function calls:
		Nothing
 This function is called by:
		_Mcp2515ReadCanMsg
 This function uses a non-reentrant model


 *************** function _Mcp2515ReadCanId *****************
 Defined at:
		line 164 in file "mcp2515.c"
 Parameters:    Size  Location     Type
  mcp_addr        1    wreg     const unsigned char 
  ext             2   18[COMRAM] PTR unsigned char 
		 -> rxBuffer(68), 
  can_id          2   20[COMRAM] PTR unsigned long 
		 -> rxBuffer(68), 
 Auto vars:     Size  Location     Type
  mcp_addr        1   40[COMRAM] const unsigned char 
  msg             6   41[COMRAM] unsigned char [6]
 Return value:  Size  Location     Type
                  1    wreg      void 
 Registers used:
		wreg, fsr1l, fsr1h, fsr2l, fsr2h, status,2, status,0, cstack
 Tracked objects:
		On entry : 
		On exit  : 
		Unchanged: 
 Data sizes:     COMRAM   BANK0   BANK1   BANK2   BANK3   BANK4   BANK5   BANK6   BANK7   BANK8   BANK9  BANK10  BANK11  BANK12  BANK13  BANK14  BANK15
      Params:         4       0       0       0       0       0       0       0       0       0       0       0       0       0       0       0       0
      Locals:         7       0       0       0       0       0       0       0       0       0       0       0       0       0       0       0       0
      Temps:         18       0       0       0       0       0       0       0       0       0       0       0       0       0       0       0       0
      Totals:        29       0       0       0       0       0       0       0       0       0       0       0       0       0       0       0       0
Total ram usage:       29 bytes
 Hardware stack levels used:    1
 Hardware stack levels required when called:    2
 This function calls:
		_Spi_ReadWrite
 This function is called by:
		_Mcp2515ReadCanMsg
 This function uses a non-reentrant model


 *************** function _Can_OutBufferStatus *****************
 Defined at:
		line 156 in file "can.c"
 Parameters:    Size  Location     Type
		None
 Auto vars:     Size  Location     Type
		None
 Return value:  Size  Location     Type
                  1    wreg      unsigned char 
 Registers used:
		wreg, status,2
 Tracked objects:
		On entry : 
		On exit  : 
		Unchanged: 
 Data sizes:     COMRAM   BANK0   BANK1   BANK2   BANK3   BANK4   BANK5   BANK6   BANK7   BANK8   BANK9  BANK10  BANK11  BANK12  BANK13  BANK14  BANK15
      Params:         0       0       0       0       0       0       0       0       0       0       0       0       0       0       0       0       0
      Locals:         0       0       0       0       0       0       0       0       0       0       0       0       0       0       0       0       0
      Temps:          0       0       0       0       0       0       0       0       0       0       0       0       0       0       0       0       0
      Totals:         0       0       0       0       0       0       0       0       0       0       0       0       0       0       0       0       0
Total ram usage:        0 bytes
 Hardware stack levels used:    1
 This function calls:
		Nothing
 This function is called by:
		_Can_Isr
 This function uses a non-reentrant model


 *************** function _Can_GetStatus *****************
 Defined at:
		line 349 in file "can.c"
 Parameters:    Size  Location     Type
		None
 Auto vars:     Size  Location     Type
  msg4            4   18[COMRAM] unsigned char [4]
  msg             3   22[COMRAM] unsigned char [3]
  status          1   25[COMRAM] unsigned char 
 Return value:  Size  Location     Type
                  1    wreg      unsigned char 
 Registers used:
		wreg, fsr2l, fsr2h, status,2, status,0, cstack
 Tracked objects:
		On entry : 
		On exit  : 
		Unchanged: 
 Data sizes:     COMRAM   BANK0   BANK1   BANK2   BANK3   BANK4   BANK5   BANK6   BANK7   BANK8   BANK9  BANK10  BANK11  BANK12  BANK13  BANK14  BANK15
      Params:         0       0       0       0       0       0       0       0       0       0       0       0       0       0       0       0       0
      Locals:         8       0       0       0       0       0       0       0       0       0       0       0       0       0       0       0       0
      Temps:          0       0       0       0       0       0       0       0       0       0       0       0       0       0       0       0       0
      Totals:         8       0       0       0       0       0       0       0       0       0       0       0       0       0       0       0       0
Total ram usage:        8 bytes
 Hardware stack levels used:    1
 Hardware stack levels required when called:    2
 This function calls:
		_Spi_ReadWrite
 This function is called by:
		_Can_Isr
 This function uses a non-reentrant model


 *************** function _Spi_ReadWrite *****************
 Defined at:
		line 319 in file "can.c"
 Parameters:    Size  Location     Type
  rx_tx           2   12[COMRAM] PTR unsigned char 
		 -> Mcp2515GetNextFreeTXBuf@buf(3), Mcp2515ReadCanMsg@cmd(10), Mcp2515ReadCanId@msg(6), Can_ReadMessage@buf(4), 
		 -> Can_GetStatus@msg4(4), Can_GetStatus@msg(3), 
  size            4   14[COMRAM] unsigned long 
 Auto vars:     Size  Location     Type
		None
 Return value:  Size  Location     Type
                  1    wreg      void 
 Registers used:
		wreg, fsr2l, fsr2h, status,2, status,0, cstack
 Tracked objects:
		On entry : 
		On exit  : 
		Unchanged: 
 Data sizes:     COMRAM   BANK0   BANK1   BANK2   BANK3   BANK4   BANK5   BANK6   BANK7   BANK8   BANK9  BANK10  BANK11  BANK12  BANK13  BANK14  BANK15
      Params:         6       0       0       0       0       0       0       0       0       0       0       0       0       0       0       0       0
      Locals:         0       0       0       0       0       0       0       0       0       0       0       0       0       0       0       0       0
      Temps:          0       0       0       0       0       0       0       0       0       0       0       0       0       0       0       0       0
      Totals:         6       0       0       0       0       0       0       0       0       0       0       0       0       0       0       0       0
Total ram usage:        6 bytes
 Hardware stack levels used:    1
 Hardware stack levels required when called:    1
 This function calls:
		i2_SPIRW
 This function is called by:
		_Can_GetStatus
		_Can_ReadMessage
		_Mcp2515ReadCanId
		_Mcp2515ReadCanMsg
		_Mcp2515GetNextFreeTXBuf
 This function uses a non-reentrant model


 *************** function i2_SPIRW *****************
 Defined at:
		line 293 in file "can.c"
 Parameters:    Size  Location     Type
  tx              2    0[COMRAM] PTR const unsigned char 
		 -> Mcp2515GetNextFreeTXBuf@buf(3), Mcp2515WriteCanMsg@buf(10), Mcp2515WriteCanId@buf(6), Mcp2515ReadCanMsg@cmd(10), 
		 -> Mcp2515ReadCanId@msg(6), Mcp2515Sleep@cmdMask4(3), Mcp2515_Init@cmdWrite3(3), Mcp2515_Init@cmdMask4(4), 
		 -> Mcp2515_Reset@cmd(1), Can_SendMessage@buf(4), Can_ReadMessage@buf(4), Can_GetStatus@msg4(4), 
		 -> Can_GetStatus@msg(3), 
  rx              2    2[COMRAM] PTR unsigned char 
		 -> Mcp2515GetNextFreeTXBuf@buf(3), Mcp2515ReadCanMsg@cmd(10), Mcp2515ReadCanId@msg(6), Can_ReadMessage@buf(4), 
		 -> Can_GetStatus@msg4(4), Can_GetStatus@msg(3), NULL(0), 
  size            4    4[COMRAM] unsigned long 
 Auto vars:     Size  Location     Type
  SPIRW           4    8[COMRAM] unsigned long 
 Return value:  Size  Location     Type
                  1    wreg      void 
 Registers used:
		wreg, fsr2l, fsr2h, status,2, status,0
 Tracked objects:
		On entry : 
		On exit  : 
		Unchanged: 
 Data sizes:     COMRAM   BANK0   BANK1   BANK2   BANK3   BANK4   BANK5   BANK6   BANK7   BANK8   BANK9  BANK10  BANK11  BANK12  BANK13  BANK14  BANK15
      Params:         8       0       0       0       0       0       0       0       0       0       0       0       0       0       0       0       0
      Locals:         4       0       0       0       0       0       0       0       0       0       0       0       0       0       0       0       0
      Temps:          0       0       0       0       0       0       0       0       0       0       0       0       0       0       0       0       0
      Totals:        12       0       0       0       0       0       0       0       0       0       0       0       0       0       0       0       0
Total ram usage:       12 bytes
 Hardware stack levels used:    1
 This function calls:
		Nothing
 This function is called by:
		_Spi_ReadWrite
		i2_Spi_Write
 This function uses a non-reentrant model



MODULE INFORMATION

Module		Function		Class		Link	Load	Size
C:\Program Files (x86)\Microchip\xc8\v1.42\sources\common\memcpy.c
		_memcpy        		CODE           	3256	0000	69

C:\Program Files (x86)\Microchip\xc8\v1.42\sources\common\memcpy.c estimated size: 69

mcp2515.c
		_Mcp2515ReadCanId		CODE           	1B16	0000	429
		_Mcp2515WriteCanId		CODE           	266A	0000	259
		_Mcp2515_Init  		CODE           	1042	0000	1549
		_Mcp2515_Reset 		CODE           	2EDE	0000	103
		_Mcp2515ReadCanMsg		CODE           	255C	0000	271
		_Mcp2515GetNextFreeTXBuf		CODE           	2C0C	0000	137
		_Mcp2515WriteCanMsg		CODE           	2434	0000	297

mcp2515.c estimated size: 3045

function.c
		_init          		CODE           	2C94	0000	133
		_requestPed    		CODE           	2D18	0000	131
		_resetData     		CODE           	329A	0000	63
		_readID        		CODE           	30C8	0000	87
		_sendTrafficLight		CODE           	3174	0000	87
		_sendPedestrianLight		CODE           	3070	0000	89
		_sendWarningLight		CODE           	2F44	0000	103
		_readConflictInfo		CODE           	164E	0000	789

function.c estimated size: 1482

interrupt.c
		_high_isr      		CODE           	0008	0000	157

interrupt.c estimated size: 157

shared
		i2_Can_GetMessage		CODE           	22DE	0000	343
		i2_Mcp2515WriteCanId		CODE           	2A2A	0000	191
		__initialization		CODE           	2E08	0000	99
		i2_Spi_Write   		CODE           	33C6	0000	39
		_canSpeed10k   		SMALLCONST     	1032	0000	8
		_canSpeed20k   		SMALLCONST     	102B	0000	8
		_canSpeed50k   		SMALLCONST     	1024	0000	8
		_canSpeed100k  		SMALLCONST     	101D	0000	8
		_canSpeed500k  		SMALLCONST     	100F	0000	8
		_canSpeed800k  		SMALLCONST     	1008	0000	8
		_canSpeed250k  		SMALLCONST     	1016	0000	8
		_canSpeed125k  		SMALLCONST     	1039	0000	8
		i2_Can_PutMessage		CODE           	1E68	0000	385
		_canSpeed1000k 		SMALLCONST     	1001	0000	8
		i2_SPIRW       		CODE           	2E74	0000	107

shared estimated size: 1236

can.c
		_Can_SendMessage		CODE           	2FAA	0000	101
		_Can_OutBufferStatus		CODE           	347A	0000	7
		_Can_Isr       		CODE           	31CA	0000	73
		_Can_Init      		CODE           	32D8	0000	57
		_Spi_Write     		CODE           	3372	0000	43
		_Can_ReadInBuffer		CODE           	3212	0000	69
		_Can_GetStatus 		CODE           	300E	0000	99
		_Spi_ReadWrite 		CODE           	33EC	0000	39
		_Can_GetMessage		CODE           	2164	0000	379
		_Can_WriteOutBuffer		CODE           	3434	0000	33
		_SPIRW         		CODE           	2AE8	0000	147
		_Can_PutMessage		CODE           	1CC2	0000	423
		_Can_ReadMessage		CODE           	286E	0000	251

can.c estimated size: 1721

logic.c
		_setLight      		CODE           	311E	0000	87
		_secondRound   		CODE           	1FE8	0000	381
		_setWarningLight		CODE           	346C	0000	15
		_onTimeout     		CODE           	3346	0000	45
		_initLogic     		CODE           	2D9A	0000	111
		_getConflict   		CODE           	339C	0000	43
		_setPriority   		CODE           	3412	0000	35
		_decrPriority  		CODE           	2968	0000	195
		_firstRound    		CODE           	276C	0000	259
		_shiftPriority 		CODE           	2B7A	0000	147

logic.c estimated size: 1318

C:\Program Files (x86)\Microchip\xc8\v1.42\sources\common\Umul16.c
		___wmul        		CODE           	3310	0000	55

C:\Program Files (x86)\Microchip\xc8\v1.42\sources\common\Umul16.c estimated size: 55

main.c
		_main          		CODE           	1962	0000	437

main.c estimated size: 437

