Microchip MPLAB XC8 Compiler V1.42 ()

Linker command line:

--edf=C:\Program Files (x86)\Microchip\xc8\v1.42\dat\en_msgs.txt -cs \
  -h+dist/default/production\Canbus_CrossRoad.X.production.sym \
  --cmf=dist/default/production\Canbus_CrossRoad.X.production.cmf -z \
  -Q18F87K22 -oC:\Users\YAN~1.MIC\AppData\Local\Temp\sc68.2 \
  -Mdist/default/production/Canbus_CrossRoad.X.production.map -E1 -ver=XC8 \
  -ASTACK=0290h-0f15h -pstack=STACK -ACODE=00h-01FFFFh -ACONST=00h-01FFFFh \
  -ASMALLCONST=01000h-010FFhx496 \
  -AMEDIUMCONST=01000h-0FFFFh,011000h-01FFFFh -ACOMRAM=01h-05Fh \
  -AABS1=00h-0F15h -ABIGRAM=01h-0F15h \
  -ARAM=060h-0FFh,0100h-01FFhx14,0F00h-0F15h -ABANK0=060h-0FFh \
  -ABANK1=0100h-01FFh -ABANK2=0200h-02FFh -ABANK3=0300h-03FFh \
  -ABANK4=0400h-04FFh -ABANK5=0500h-05FFh -ABANK6=0600h-06FFh \
  -ABANK7=0700h-07FFh -ABANK8=0800h-08FFh -ABANK9=0900h-09FFh \
  -ABANK10=0A00h-0AFFh -ABANK11=0B00h-0BFFh -ABANK12=0C00h-0CFFh \
  -ABANK13=0D00h-0DFFh -ABANK14=0E00h-0EFFh -ABANK15=0F00h-0F15h \
  -ASFR=0F16h-0F5Fh,0F60h-0FFFh \
  -preset_vec=00h,intcode=08h,intcodelo,powerup,init -pramtop=01000h \
  -psmallconst=SMALLCONST -pmediumconst=MEDIUMCONST -pconst=CONST \
  -AFARRAM=00h-00h -ACONFIG=0300000h-030000Dh -pconfig=CONFIG \
  -AIDLOC=0200000h-0200007h -pidloc=IDLOC -AEEDATA=0F00000h-0F003FFh \
  -peeprom_data=EEDATA \
  -prdata=COMRAM,nvrram=COMRAM,nvbit=COMRAM,rbss=COMRAM,rbit=COMRAM \
  -pfarbss=FARRAM,fardata=FARRAM,nvFARRAM=FARRAM \
  -pintsave_regs=BIGRAM,bigbss=BIGRAM,bigdata=BIGRAM -pbss=RAM \
  -pidata=CODE,irdata=CODE,ibigdata=CODE,ifardata=CODE -prparam=COMRAM \
  C:\Users\YAN~1.MIC\AppData\Local\Temp\sc68.obj \
  dist/default/production\Canbus_CrossRoad.X.production.obj 

Object code version is 3.11

Machine type is 18F87K22

Call graph: (short form)




                Name                               Link     Load   Length Selector   Space Scale
C:\Users\YAN~1.MIC\AppData\Local\Temp\sc68.obj
                init                                 A0       A0        4        4       0
                reset_vec                             0        0        4        0       0
                idloc                            200000   200000        8   200000       0
                config                           300000   300000        E   300000       0
dist/default/production\Canbus_CrossRoad.X.production.obj
                intcode                               8        8       98        4       0
                temp                                 5F       5F        1        1       1
                smallconst                         1000     1000       42      800       0
                text33                             258C     258C       6A      821       0
                text32                             2A3A     2A3A       26      821       0
                text31                             278C     278C       62      821       0
                text30                             2A98     2A98        6     154C       0
                text29                             1942     1942      1AC      821       0
                text28                             28D0     28D0       44      821       0
                text27                             1F36     1F36      10E      821       0
                text26                             2A14     2A14       26      821       0
                text25                             2146     2146       FA      821       0
                text24                             288C     288C       44      821       0
                text23                             2390     2390       88      821       0
                text22                             2240     2240       BE      821       0
                text21                             1E0E     1E0E      128      821       0
                text20                             2728     2728       64      821       0
                text19                             2A60     2A60       20      821       0
                text18                             2844     2844       48      821       0
                text16                             22FE     22FE       92      821       0
                text15                             29EA     29EA       2A      821       0
                text14                             2044     2044      102      821       0
                text13                             265E     265E       66      821       0
                text12                             1042     1042      5EC      821       0
                text11                             2952     2952       38      821       0
                text10                             1C94     1C94      17A      821       0
                text9                              1AEE     1AEE      1A6      821       0
                text8                              298A     298A       36      821       0
                text7                              2914     2914       3E      821       0
                text6                              162E     162E      314      821       0
                text5                              27EE     27EE       56      821       0
                text4                              2498     2498       80      821       0
                text3                              25F6     25F6       68      821       0
                text2                              26C4     26C4       64      821       0
                text1                              2418     2418       80      821       0
                text0                              29C0     29C0       2A      821       0
                cstackCOMRAM                          1        1       57        1       1
                cstackBANK0                          60       60       45       60       1
                bssBANK2                            200      200       90      200       1
                bssBANK1                            100      100       A9      100       1
                dataBANK0                            D2       D2       17       60       1
                bssBANK0                             A5       A5       2D       60       1
                dataCOMRAM                           5E       5E        1        1       1
                bssCOMRAM                            58       58        6        1       1
                cinit                              2518     2518       74      821       0
                idataBANK0                         2A80     2A80       17      821       0
                idataCOMRAM                        2A9E     2A9E        1     154C       0

TOTAL           Name                               Link     Load   Length     Space
        CLASS   STACK          

        CLASS   CODE           
                intcode                               8        8       98         0
                init                                 A0       A0        4         0
                reset_vec                             0        0        4         0
                text33                             258C     258C       6A         0
                text32                             2A3A     2A3A       26         0
                text31                             278C     278C       62         0
                text30                             2A98     2A98        6         0
                text29                             1942     1942      1AC         0
                text28                             28D0     28D0       44         0
                text27                             1F36     1F36      10E         0
                text26                             2A14     2A14       26         0
                text25                             2146     2146       FA         0
                text24                             288C     288C       44         0
                text23                             2390     2390       88         0
                text22                             2240     2240       BE         0
                text21                             1E0E     1E0E      128         0
                text20                             2728     2728       64         0
                text19                             2A60     2A60       20         0
                text18                             2844     2844       48         0
                text16                             22FE     22FE       92         0
                text15                             29EA     29EA       2A         0
                text14                             2044     2044      102         0
                text13                             265E     265E       66         0
                text12                             1042     1042      5EC         0
                text11                             2952     2952       38         0
                text10                             1C94     1C94      17A         0
                text9                              1AEE     1AEE      1A6         0
                text8                              298A     298A       36         0
                text7                              2914     2914       3E         0
                text6                              162E     162E      314         0
                text5                              27EE     27EE       56         0
                text4                              2498     2498       80         0
                text3                              25F6     25F6       68         0
                text2                              26C4     26C4       64         0
                text1                              2418     2418       80         0
                text0                              29C0     29C0       2A         0
                cinit                              2518     2518       74         0
                idataBANK0                         2A80     2A80       17         0
                idataCOMRAM                        2A9E     2A9E        1         0

        CLASS   CONST          

        CLASS   SMALLCONST     
                smallconst                         1000     1000       42         0

        CLASS   MEDIUMCONST    

        CLASS   COMRAM         
                temp                                 5F       5F        1         1
                cstackCOMRAM                          1        1       57         1
                dataCOMRAM                           5E       5E        1         1
                bssCOMRAM                            58       58        6         1

        CLASS   ABS1           

        CLASS   BIGRAM         

        CLASS   RAM            

        CLASS   BANK0          
                cstackBANK0                          60       60       45         1
                dataBANK0                            D2       D2       17         1
                bssBANK0                             A5       A5       2D         1

        CLASS   BANK1          
                bssBANK1                            100      100       A9         1

        CLASS   BANK2          
                bssBANK2                            200      200       90         1

        CLASS   BANK3          

        CLASS   BANK4          

        CLASS   BANK5          

        CLASS   BANK6          

        CLASS   BANK7          

        CLASS   BANK8          

        CLASS   BANK9          

        CLASS   BANK10         

        CLASS   BANK11         

        CLASS   BANK12         

        CLASS   BANK13         

        CLASS   BANK14         

        CLASS   BANK15         

        CLASS   SFR            

        CLASS   FARRAM         

        CLASS   CONFIG         
                config                           300000   300000        E         0

        CLASS   IDLOC          
                idloc                            200000   200000        8         0

        CLASS   EEDATA         



SEGMENTS        Name                           Load    Length   Top    Selector   Space  Class

                reset_vec                      000000  000004  000004         0       0  CODE    
                cstackCOMRAM                   000001  00005F  000060         1       1  COMRAM  
                intcode                        000008  00009C  0000A4         4       0  CODE    
                cstackBANK0                    000060  000089  0000E9        60       1  BANK0   
                bssBANK1                       000100  0000A9  0001A9       100       1  BANK1   
                bssBANK2                       000200  000090  000290       200       1  BANK2   
                smallconst                     001000  000042  001042       800       0  SMALLCON
                text12                         001042  001A55  002A97       821       0  CODE    
                text30                         002A98  000007  002A9F      154C       0  CODE    
                idloc                          200000  000008  200008    200000       0  IDLOC   
                config                         300000  00000E  30000E    300000       0  CONFIG  


UNUSED ADDRESS RANGES

        Name                Unused          Largest block    Delta
        BANK0            0000E9-0000FF               17
        BANK1            0001A9-0001FF               57
        BANK10           000A00-000AFF              100
        BANK11           000B00-000BFF              100
        BANK12           000C00-000CFF              100
        BANK13           000D00-000DFF              100
        BANK14           000E00-000EFF              100
        BANK15           000F00-000F15               16
        BANK2            000290-0002FF               70
        BANK3            000300-0003FF              100
        BANK4            000400-0004FF              100
        BANK5            000500-0005FF              100
        BANK6            000600-0006FF              100
        BANK7            000700-0007FF              100
        BANK8            000800-0008FF              100
        BANK9            000900-0009FF              100
        BIGRAM           0000E9-0000FF               17
                         0001A9-0001FF               57
                         000290-000F15              C86
        CODE             000004-000007                4
                         0000A4-000FFF              F5C
                         002A97-002A97                1
                         002A9F-01FFFF            1D561
        CONST            000004-000007                4
                         0000A4-000FFF              F5C
                         002A97-002A97                1
                         002A9F-01FFFF            1D561
        EEDATA           F00000-F003FF              400
        MEDIUMCONST      002A97-002A97                1
                         002A9F-00FFFF             D561
                         011000-01FFFF             F000
        RAM              0000E9-0000FF               17
                         0001A9-0001FF               57
                         000290-000F15              100
        SFR              000F16-000FFF               4A
        SMALLCONST       002A97-002A97                1
                         002A9F-01FFFF              100
        STACK            000290-000F15              C86

                                  Symbol Table

?___wmul                            cstackBANK0  000060
Can_GetMessage@i                    cstackBANK0  000064
Can_GetMessage@msgPtr               cstackBANK0  000060
Can_GetStatus@F8262                 dataBANK0    0000E6
Can_GetStatus@F8264                 dataBANK0    0000DC
Can_GetStatus@msg                   cstackCOMRAM 000017
Can_GetStatus@msg4                  cstackCOMRAM 000013
Can_GetStatus@status                cstackCOMRAM 00001A
Can_Init@filterCfg                  cstackBANK0  00009E
Can_Init@speedCfg                   cstackBANK0  00009C
Can_Isr@nbTxBuf                     dataCOMRAM   00005E
Can_Isr@retCode                     cstackCOMRAM 000049
Can_PutMessage@i                    cstackBANK0  000064
Can_PutMessage@msgPtr               cstackBANK0  000060
Can_ReadInBuffer@error              cstackCOMRAM 000045
Can_ReadInBuffer@i                  cstackCOMRAM 000047
Can_ReadInBuffer@rdStatus           cstackCOMRAM 000046
Can_ReadMessage@buf                 cstackCOMRAM 000041
Can_ReadMessage@msg                 cstackCOMRAM 00003F
Can_SendMessage@buf                 cstackCOMRAM 000038
Can_SendMessage@msg                 cstackCOMRAM 000036
Can_SendMessage@res                 cstackCOMRAM 00003C
Can_SendMessage@txbuf_n             cstackCOMRAM 00003D
Mcp2515GetNextFreeTXBuf@F8153       dataBANK0    0000E0
Mcp2515GetNextFreeTXBuf@buf         cstackCOMRAM 000019
Mcp2515GetNextFreeTXBuf@ctrlregs    cstackCOMRAM 000016
Mcp2515GetNextFreeTXBuf@i           cstackCOMRAM 00001C
Mcp2515GetNextFreeTXBuf@txbuf_n     cstackCOMRAM 000013
Mcp2515ReadCanId@F8123              dataBANK0    0000D2
Mcp2515ReadCanId@can_id             cstackCOMRAM 000015
Mcp2515ReadCanId@ext                cstackCOMRAM 000013
Mcp2515ReadCanId@mcp_addr           cstackCOMRAM 000029
Mcp2515ReadCanId@msg                cstackCOMRAM 00002A
Mcp2515ReadCanMsg@cmd               cstackCOMRAM 000034
Mcp2515ReadCanMsg@mcp_addr          cstackCOMRAM 00003E
Mcp2515ReadCanMsg@msg               cstackCOMRAM 000030
Mcp2515Sleep@F8117                  bssBANK0     0000A5
Mcp2515WriteCanId@buf               cstackBANK0  00007B
Mcp2515WriteCanId@can_id            cstackBANK0  000073
Mcp2515WriteCanId@canid             cstackBANK0  000081
Mcp2515WriteCanId@ext               cstackBANK0  000072
Mcp2515WriteCanId@mcp_addr          cstackBANK0  00007A
Mcp2515WriteCanMsg@buf              cstackCOMRAM 000028
Mcp2515WriteCanMsg@buffer_sidh_addr cstackCOMRAM 000032
Mcp2515WriteCanMsg@dlc              cstackCOMRAM 000033
Mcp2515WriteCanMsg@i                cstackCOMRAM 000035
Mcp2515WriteCanMsg@mcp_addr         cstackCOMRAM 000034
Mcp2515WriteCanMsg@msg              cstackCOMRAM 000024
Mcp2515_Init@F8112                  dataBANK0    0000D8
Mcp2515_Init@F8114                  dataBANK0    0000E3
Mcp2515_Init@cmdMask4               cstackBANK0  000095
Mcp2515_Init@cmdWrite3              cstackBANK0  000099
Mcp2515_Init@filterCfg              cstackBANK0  000085
Mcp2515_Init@i                      cstackBANK0  000094
Mcp2515_Init@speedCfg               cstackBANK0  000083
Mcp2515_Reset@cmd                   cstackBANK0  000072
Mcp2515_Reset@i                     cstackBANK0  000073
SPIRW@i                             cstackBANK0  000068
SPIRW@rx                            cstackBANK0  000062
SPIRW@size                          cstackBANK0  000064
SPIRW@tx                            cstackBANK0  000060
Spi_ReadWrite@rx_tx                 cstackCOMRAM 00000D
Spi_ReadWrite@size                  cstackCOMRAM 00000F
Spi_Write@size                      cstackBANK0  00006E
Spi_Write@tx                        cstackBANK0  00006C
_BRG161                             (abs)        007B2B
_BRGH1                              (abs)        007D62
_CKE1                               (abs)        007E3E
_CKP1                               (abs)        007E34
_CREN1                              (abs)        007D5C
_Can_GetMessage                     text10       001C94
_Can_GetStatus                      text31       00278C
_Can_Init                           text11       002952
_Can_Isr                            text18       002844
_Can_OutBufferStatus                text30       002A98
_Can_PutMessage                     text9        001AEE
_Can_ReadInBuffer                   text24       00288C
_Can_ReadMessage                    text25       002146
_Can_SendMessage                    text20       002728
_Can_WriteOutBuffer                 text19       002A60
_GIE                                (abs)        007F97
_INT3IE                             (abs)        007F85
_INT3IF                             (abs)        007F82
_INTEDG3                            (abs)        007F8B
_LATD1                              (abs)        007C61
_LATF6                              (abs)        007C76
_LATF7                              (abs)        007C77
_LATG0                              (abs)        007C78
_Mcp2515GetNextFreeTXBuf            text23       002390
_Mcp2515ReadCanId                   text29       001942
_Mcp2515ReadCanMsg                  text27       001F36
_Mcp2515WriteCanId                  text14       002044
_Mcp2515WriteCanMsg                 text21       001E0E
_Mcp2515_Init                       text12       001042
_Mcp2515_Reset                      text13       00265E
_OSCCON                             (abs)        000FD3
_PEIE                               (abs)        007F96
_PLLEN                              (abs)        007CDE
_RB3                                (abs)        007C0B
_SPBRG1                             (abs)        000FAF
_SPBRGH1                            (abs)        000FD4
_SPEN1                              (abs)        007D5F
_SPIRW                              text16       0022FE
_SSP1IF                             (abs)        007CF3
_SSPBUF                             (abs)        000FC9
_SSPCON1                            (abs)        000FC6
_SSPEN1                             (abs)        007E35
_SSPIF                              (abs)        007CF3
_SYNC1                              (abs)        007D64
_Spi_ReadWrite                      text32       002A3A
_Spi_Write                          text15       0029EA
_T0CONbits                          (abs)        000FD5
_TMR0                               (abs)        000FD6
_TMR0IF                             (abs)        007F92
_TRISC3                             (abs)        007CA3
_TRISC4                             (abs)        007CA4
_TRISC5                             (abs)        007CA5
_TRISD1                             (abs)        007CA9
_TRISF6                             (abs)        007CBE
_TRISF7                             (abs)        007CBF
_TRISG0                             (abs)        007CC0
_TXEN1                              (abs)        007D65
_TXIF                               (abs)        007CF4
_TXREG                              (abs)        000FAD
__CFG_BBSIZ$BB1K                    (abs)        000000
__CFG_BOREN$OFF                     (abs)        000000
__CFG_BORPWR$LOW                    (abs)        000000
__CFG_BORV$2                        (abs)        000000
__CFG_CCP2MX$PORTBE                 (abs)        000000
__CFG_CP0$OFF                       (abs)        000000
__CFG_CP1$OFF                       (abs)        000000
__CFG_CP2$OFF                       (abs)        000000
__CFG_CP3$OFF                       (abs)        000000
__CFG_CP4$OFF                       (abs)        000000
__CFG_CP5$OFF                       (abs)        000000
__CFG_CP6$OFF                       (abs)        000000
__CFG_CP7$OFF                       (abs)        000000
__CFG_CPB$OFF                       (abs)        000000
__CFG_CPD$OFF                       (abs)        000000
__CFG_DEBUG$ON                      (abs)        000000
__CFG_EBRT0$OFF                     (abs)        000000
__CFG_EBRT1$OFF                     (abs)        000000
__CFG_EBRT2$OFF                     (abs)        000000
__CFG_EBRT3$OFF                     (abs)        000000
__CFG_EBRT4$OFF                     (abs)        000000
__CFG_EBRT5$OFF                     (abs)        000000
__CFG_EBRT6$OFF                     (abs)        000000
__CFG_EBRT7$OFF                     (abs)        000000
__CFG_EBRTB$OFF                     (abs)        000000
__CFG_FCMEN$OFF                     (abs)        000000
__CFG_FOSC$INTIO2                   (abs)        000000
__CFG_IESO$OFF                      (abs)        000000
__CFG_INTOSCSEL$LOW                 (abs)        000000
__CFG_MCLRE$ON                      (abs)        000000
__CFG_MSSPMSK$MSK7                  (abs)        000000
__CFG_PLLCFG$ON                     (abs)        000000
__CFG_PWRTEN$ON                     (abs)        000000
__CFG_RETEN$OFF                     (abs)        000000
__CFG_RTCOSC$SOSCREF                (abs)        000000
__CFG_SOSCSEL$LOW                   (abs)        000000
__CFG_STVREN$ON                     (abs)        000000
__CFG_WDTEN$OFF                     (abs)        000000
__CFG_WDTPS$1                       (abs)        000000
__CFG_WRT0$OFF                      (abs)        000000
__CFG_WRT1$OFF                      (abs)        000000
__CFG_WRT2$OFF                      (abs)        000000
__CFG_WRT3$OFF                      (abs)        000000
__CFG_WRT4$OFF                      (abs)        000000
__CFG_WRT5$OFF                      (abs)        000000
__CFG_WRT6$OFF                      (abs)        000000
__CFG_WRT7$OFF                      (abs)        000000
__CFG_WRTB$OFF                      (abs)        000000
__CFG_WRTC$OFF                      (abs)        000000
__CFG_WRTD$OFF                      (abs)        000000
__CFG_XINST$OFF                     (abs)        000000
__HRAM                              (abs)        000000
__Habs1                             abs1         000000
__Hbank0                            bank0        000000
__Hbank1                            bank1        000000
__Hbank10                           bank10       000000
__Hbank11                           bank11       000000
__Hbank12                           bank12       000000
__Hbank13                           bank13       000000
__Hbank14                           bank14       000000
__Hbank15                           bank15       000000
__Hbank2                            bank2        000000
__Hbank3                            bank3        000000
__Hbank4                            bank4        000000
__Hbank5                            bank5        000000
__Hbank6                            bank6        000000
__Hbank7                            bank7        000000
__Hbank8                            bank8        000000
__Hbank9                            bank9        000000
__Hbigbss                           bigbss       000000
__Hbigdata                          bigdata      000000
__Hbigram                           bigram       000000
__Hbss                              bss          000000
__HbssBANK0                         bssBANK0     000000
__HbssBANK1                         bssBANK1     000000
__HbssBANK2                         bssBANK2     000000
__HbssCOMRAM                        bssCOMRAM    000000
__Hcinit                            cinit        000000
__Hclrtext                          clrtext      000000
__Hcomram                           comram       000000
__Hconfig                           config       30000E
__Hconst                            const        000000
__HcstackBANK0                      cstackBANK0  000000
__HcstackCOMRAM                     cstackCOMRAM 000000
__Hdata                             data         000000
__HdataBANK0                        dataBANK0    000000
__HdataCOMRAM                       dataCOMRAM   000000
__Heeprom_data                      eeprom_data  000000
__Hfarbss                           farbss       000000
__Hfardata                          fardata      000000
__Hibigdata                         ibigdata     000000
__Hidata                            idata        000000
__HidataBANK0                       idataBANK0   000000
__HidataCOMRAM                      idataCOMRAM  000000
__Hidloc                            idloc        200008
__Hifardata                         ifardata     000000
__Hinit                             init         0000A4
__Hintcode                          intcode      0000A0
__Hintcode_body                     intcode_body 000000
__Hintcodelo                        intcodelo    0000A0
__Hintentry                         intentry     000000
__Hintret                           intret       000000
__Hintsave_regs                     intsave_regs 000000
__Hirdata                           irdata       000000
__Hmediumconst                      mediumconst  000000
__HnvFARRAM                         nvFARRAM     000000
__Hnvbit                            nvbit        000000
__Hnvrram                           nvrram       000000
__Hparam                            rparam       000000
__Hpowerup                          powerup      0000A0
__Hram                              ram          000000
__Hramtop                           ramtop       001000
__Hrbit                             rbit         000000
__Hrbss                             rbss         000000
__Hrdata                            rdata        000000
__Hreset_vec                        reset_vec    000004
__Hrparam                           rparam       000000
__Hsfr                              sfr          000000
__Hsmallconst                       smallconst   001042
__Hspace_0                          (abs)        30000E
__Hspace_1                          (abs)        000290
__Hspace_2                          (abs)        000000
__Hstack                            stack        000000
__Hstruct                           struct       000000
__Htemp                             temp         000060
__Htext                             text         000000
__Htext0                            text0        000000
__Htext1                            text1        000000
__Htext10                           text10       000000
__Htext11                           text11       000000
__Htext12                           text12       000000
__Htext13                           text13       000000
__Htext14                           text14       000000
__Htext15                           text15       000000
__Htext16                           text16       000000
__Htext18                           text18       000000
__Htext19                           text19       000000
__Htext2                            text2        000000
__Htext20                           text20       000000
__Htext21                           text21       000000
__Htext22                           text22       000000
__Htext23                           text23       000000
__Htext24                           text24       000000
__Htext25                           text25       000000
__Htext26                           text26       000000
__Htext27                           text27       000000
__Htext28                           text28       000000
__Htext29                           text29       000000
__Htext3                            text3        000000
__Htext30                           text30       000000
__Htext31                           text31       000000
__Htext32                           text32       000000
__Htext33                           text33       000000
__Htext4                            text4        000000
__Htext5                            text5        000000
__Htext6                            text6        000000
__Htext7                            text7        000000
__Htext8                            text8        000000
__Htext9                            text9        000000
__LRAM                              (abs)        000001
__Labs1                             abs1         000000
__Lbank0                            bank0        000000
__Lbank1                            bank1        000000
__Lbank10                           bank10       000000
__Lbank11                           bank11       000000
__Lbank12                           bank12       000000
__Lbank13                           bank13       000000
__Lbank14                           bank14       000000
__Lbank15                           bank15       000000
__Lbank2                            bank2        000000
__Lbank3                            bank3        000000
__Lbank4                            bank4        000000
__Lbank5                            bank5        000000
__Lbank6                            bank6        000000
__Lbank7                            bank7        000000
__Lbank8                            bank8        000000
__Lbank9                            bank9        000000
__Lbigbss                           bigbss       000000
__Lbigdata                          bigdata      000000
__Lbigram                           bigram       000000
__Lbss                              bss          000000
__LbssBANK0                         bssBANK0     000000
__LbssBANK1                         bssBANK1     000000
__LbssBANK2                         bssBANK2     000000
__LbssCOMRAM                        bssCOMRAM    000000
__Lcinit                            cinit        000000
__Lclrtext                          clrtext      000000
__Lcomram                           comram       000000
__Lconfig                           config       300000
__Lconst                            const        000000
__LcstackBANK0                      cstackBANK0  000000
__LcstackCOMRAM                     cstackCOMRAM 000000
__Ldata                             data         000000
__LdataBANK0                        dataBANK0    000000
__LdataCOMRAM                       dataCOMRAM   000000
__Leeprom_data                      eeprom_data  000000
__Lfarbss                           farbss       000000
__Lfardata                          fardata      000000
__Libigdata                         ibigdata     000000
__Lidata                            idata        000000
__LidataBANK0                       idataBANK0   000000
__LidataCOMRAM                      idataCOMRAM  000000
__Lidloc                            idloc        200000
__Lifardata                         ifardata     000000
__Linit                             init         0000A0
__Lintcode                          intcode      000008
__Lintcode_body                     intcode_body 000000
__Lintcodelo                        intcodelo    0000A0
__Lintentry                         intentry     000000
__Lintret                           intret       000000
__Lintsave_regs                     intsave_regs 000000
__Lirdata                           irdata       000000
__Lmediumconst                      mediumconst  000000
__LnvFARRAM                         nvFARRAM     000000
__Lnvbit                            nvbit        000000
__Lnvrram                           nvrram       000000
__Lparam                            rparam       000000
__Lpowerup                          powerup      0000A0
__Lram                              ram          000000
__Lramtop                           ramtop       001000
__Lrbit                             rbit         000000
__Lrbss                             rbss         000000
__Lrdata                            rdata        000000
__Lreset_vec                        reset_vec    000000
__Lrparam                           rparam       000000
__Lsfr                              sfr          000000
__Lsmallconst                       smallconst   001000
__Lspace_0                          (abs)        000000
__Lspace_1                          (abs)        000000
__Lspace_2                          (abs)        000000
__Lstack                            stack        000000
__Lstruct                           struct       000000
__Ltemp                             temp         00005F
__Ltext                             text         000000
__Ltext0                            text0        000000
__Ltext1                            text1        000000
__Ltext10                           text10       000000
__Ltext11                           text11       000000
__Ltext12                           text12       000000
__Ltext13                           text13       000000
__Ltext14                           text14       000000
__Ltext15                           text15       000000
__Ltext16                           text16       000000
__Ltext18                           text18       000000
__Ltext19                           text19       000000
__Ltext2                            text2        000000
__Ltext20                           text20       000000
__Ltext21                           text21       000000
__Ltext22                           text22       000000
__Ltext23                           text23       000000
__Ltext24                           text24       000000
__Ltext25                           text25       000000
__Ltext26                           text26       000000
__Ltext27                           text27       000000
__Ltext28                           text28       000000
__Ltext29                           text29       000000
__Ltext3                            text3        000000
__Ltext30                           text30       000000
__Ltext31                           text31       000000
__Ltext32                           text32       000000
__Ltext33                           text33       000000
__Ltext4                            text4        000000
__Ltext5                            text5        000000
__Ltext6                            text6        000000
__Ltext7                            text7        000000
__Ltext8                            text8        000000
__Ltext9                            text9        000000
__S0                                (abs)        30000E
__S1                                (abs)        000290
__S2                                (abs)        000000
___inthi_sp                         stack        000000
___intlo_sp                         stack        000000
___param_bank                       (abs)        000000
___rparam_used                      (abs)        000001
___sp                               stack        000000
___wmul                             text8        00298A
___wmul@multiplicand                cstackBANK0  000062
___wmul@multiplier                  cstackBANK0  000060
___wmul@product                     cstackBANK0  000064
__accesstop                         (abs)        000060
__activetblptr                      (abs)        000001
__end_of_Can_GetMessage             text10       001E0E
__end_of_Can_GetStatus              text31       0027EE
__end_of_Can_Init                   text11       00298A
__end_of_Can_Isr                    text18       00288C
__end_of_Can_OutBufferStatus        text30       002A9E
__end_of_Can_PutMessage             text9        001C94
__end_of_Can_ReadInBuffer           text24       0028D0
__end_of_Can_ReadMessage            text25       002240
__end_of_Can_SendMessage            text20       00278C
__end_of_Can_WriteOutBuffer         text19       002A80
__end_of_Mcp2515GetNextFreeTXBuf    text23       002418
__end_of_Mcp2515ReadCanId           text29       001AEE
__end_of_Mcp2515ReadCanMsg          text27       002044
__end_of_Mcp2515WriteCanId          text14       002146
__end_of_Mcp2515WriteCanMsg         text21       001F36
__end_of_Mcp2515_Init               text12       00162E
__end_of_Mcp2515_Reset              text13       0026C4
__end_of_SPIRW                      text16       002390
__end_of_Spi_ReadWrite              text32       002A60
__end_of_Spi_Write                  text15       002A14
__end_of___wmul                     text8        0029C0
__end_of__initialization            cinit        00257A
__end_of_canSpeed1000k              smallconst   001008
__end_of_canSpeed100k               smallconst   001024
__end_of_canSpeed10k                smallconst   001039
__end_of_canSpeed125k               smallconst   001040
__end_of_canSpeed20k                smallconst   001032
__end_of_canSpeed250k               smallconst   00101D
__end_of_canSpeed500k               smallconst   001016
__end_of_canSpeed50k                smallconst   00102B
__end_of_canSpeed800k               smallconst   00100F
__end_of_high_isr                   intcode      0000A0
__end_of_init                       text4        002518
__end_of_main                       text0        0029EA
__end_of_memcpy                     text28       002914
__end_of_readConflictInfo           text6        001942
__end_of_readID                     text5        002844
__end_of_resetData                  text7        002952
__end_of_sendPedestrianLight        text3        00265E
__end_of_sendTrafficLight           text2        002728
__end_of_sendWarningLight           text1        002498
__end_ofi2_Mcp2515WriteCanId        text22       0022FE
__end_ofi2_SPIRW                    text33       0025F6
__end_ofi2_Spi_Write                text26       002A3A
__initialization                    cinit        002518
__mediumconst                       mediumconst  000000
__pbssBANK0                         bssBANK0     0000A5
__pbssBANK1                         bssBANK1     000100
__pbssBANK2                         bssBANK2     000200
__pbssCOMRAM                        bssCOMRAM    000058
__pcinit                            cinit        002518
__pcstackBANK0                      cstackBANK0  000060
__pcstackCOMRAM                     cstackCOMRAM 000001
__pdataBANK0                        dataBANK0    0000D2
__pdataCOMRAM                       dataCOMRAM   00005E
__pidataBANK0                       idataBANK0   002A80
__pidataCOMRAM                      idataCOMRAM  002A9E
__pintcode                          intcode      000008
__psmallconst                       smallconst   001000
__ptext0                            text0        0029C0
__ptext1                            text1        002418
__ptext10                           text10       001C94
__ptext11                           text11       002952
__ptext12                           text12       001042
__ptext13                           text13       00265E
__ptext14                           text14       002044
__ptext15                           text15       0029EA
__ptext16                           text16       0022FE
__ptext18                           text18       002844
__ptext19                           text19       002A60
__ptext2                            text2        0026C4
__ptext20                           text20       002728
__ptext21                           text21       001E0E
__ptext22                           text22       002240
__ptext23                           text23       002390
__ptext24                           text24       00288C
__ptext25                           text25       002146
__ptext26                           text26       002A14
__ptext27                           text27       001F36
__ptext28                           text28       0028D0
__ptext29                           text29       001942
__ptext3                            text3        0025F6
__ptext30                           text30       002A98
__ptext31                           text31       00278C
__ptext32                           text32       002A3A
__ptext33                           text33       00258C
__ptext4                            text4        002498
__ptext5                            text5        0027EE
__ptext6                            text6        00162E
__ptext7                            text7        002914
__ptext8                            text8        00298A
__ptext9                            text9        001AEE
__ramtop                            ramtop       001000
__size_of_Can_GetMessage            (abs)        000000
__size_of_Can_GetStatus             (abs)        000000
__size_of_Can_Init                  (abs)        000000
__size_of_Can_Isr                   (abs)        000000
__size_of_Can_OutBufferStatus       (abs)        000000
__size_of_Can_PutMessage            (abs)        000000
__size_of_Can_ReadInBuffer          (abs)        000000
__size_of_Can_ReadMessage           (abs)        000000
__size_of_Can_SendMessage           (abs)        000000
__size_of_Can_WriteOutBuffer        (abs)        000000
__size_of_Mcp2515GetNextFreeTXBuf   (abs)        000000
__size_of_Mcp2515ReadCanId          (abs)        000000
__size_of_Mcp2515ReadCanMsg         (abs)        000000
__size_of_Mcp2515WriteCanId         (abs)        000000
__size_of_Mcp2515WriteCanMsg        (abs)        000000
__size_of_Mcp2515_Init              (abs)        000000
__size_of_Mcp2515_Reset             (abs)        000000
__size_of_SPIRW                     (abs)        000000
__size_of_Spi_ReadWrite             (abs)        000000
__size_of_Spi_Write                 (abs)        000000
__size_of___wmul                    (abs)        000000
__size_of_high_isr                  (abs)        000000
__size_of_init                      (abs)        000000
__size_of_main                      (abs)        000000
__size_of_memcpy                    (abs)        000000
__size_of_readConflictInfo          (abs)        000000
__size_of_readID                    (abs)        000000
__size_of_resetData                 (abs)        000000
__size_of_sendPedestrianLight       (abs)        000000
__size_of_sendTrafficLight          (abs)        000000
__size_of_sendWarningLight          (abs)        000000
__size_ofi2_Mcp2515WriteCanId       (abs)        000000
__size_ofi2_SPIRW                   (abs)        000000
__size_ofi2_Spi_Write               (abs)        000000
__smallconst                        smallconst   001000
_bottomLeft                         bssBANK0     0000AE
_bottomRight                        bssCOMRAM    00005D
_canSpeed1000k                      smallconst   001001
_canSpeed100k                       smallconst   00101D
_canSpeed10k                        smallconst   001032
_canSpeed125k                       smallconst   001039
_canSpeed20k                        smallconst   00102B
_canSpeed250k                       smallconst   001016
_canSpeed500k                       smallconst   00100F
_canSpeed50k                        smallconst   001024
_canSpeed800k                       smallconst   001008
_conflictTable                      bssBANK2     000200
_filter                             bssBANK1     000188
_high_isr                           intcode      000008
_id                                 bssBANK0     0000AF
_init                               text4        002498
_main                               text0        0029C0
_memcpy                             text28       0028D0
_message                            bssBANK0     0000C1
_messageTx                          bssBANK0     0000B0
_nbTx0                              bssBANK0     0000AA
_nbTx1                              bssBANK0     0000A9
_nbTx2                              bssBANK0     0000A8
_readConflictInfo                   text6        00162E
_readID                             text5        0027EE
_resetData                          text7        002914
_rxBuffer                           bssBANK1     000144
_rxBufferCount                      bssCOMRAM    000059
_rxBufferPtrIn                      bssCOMRAM    00005A
_rxBufferPtrOut                     bssBANK0     0000AD
_sendPedestrianLight                text3        0025F6
_sendTrafficLight                   text2        0026C4
_sendWarningLight                   text1        002418
_topLeft                            bssCOMRAM    00005B
_topRight                           bssCOMRAM    00005C
_txBuffer                           bssBANK1     000100
_txBufferCount                      bssBANK0     0000AB
_txBufferPtrIn                      bssBANK0     0000AC
_txBufferPtrOut                     bssCOMRAM    000058
btemp                               temp         00005F
end_of_initialization               cinit        00257A
i2Mcp2515WriteCanId@buf             cstackCOMRAM 00001C
i2Mcp2515WriteCanId@can_id          cstackCOMRAM 000014
i2Mcp2515WriteCanId@canid           cstackCOMRAM 000022
i2Mcp2515WriteCanId@ext             cstackCOMRAM 000013
i2Mcp2515WriteCanId@mcp_addr        cstackCOMRAM 00001B
i2SPIRW@i                           cstackCOMRAM 000009
i2SPIRW@rx                          cstackCOMRAM 000003
i2SPIRW@size                        cstackCOMRAM 000005
i2SPIRW@tx                          cstackCOMRAM 000001
i2Spi_Write@size                    cstackCOMRAM 00000F
i2Spi_Write@tx                      cstackCOMRAM 00000D
i2_Mcp2515WriteCanId                text22       002240
i2_SPIRW                            text33       00258C
i2_Spi_Write                        text26       002A14
int$flags                           temp         00005F
intlevel0                           text         000000
intlevel1                           text         000000
intlevel2                           text         000000
intlevel3                           text         000000
memcpy@d                            cstackCOMRAM 000007
memcpy@d1                           cstackCOMRAM 000001
memcpy@n                            cstackCOMRAM 000005
memcpy@s                            cstackCOMRAM 000009
memcpy@s1                           cstackCOMRAM 000003
memcpy@tmp                          cstackCOMRAM 00000B
readConflictInfo@i                  cstackBANK0  00006C
readConflictInfo@j                  cstackBANK0  00006E
readID@retVal                       cstackBANK0  000065
resetData@i                         cstackBANK0  000060
sendPedestrianLight@color           cstackBANK0  000065
sendPedestrianLight@trafficLight    cstackBANK0  000068
sendTrafficLight@color              cstackBANK0  000065
sendTrafficLight@trafficLight       cstackBANK0  000068
sendWarningLight@state              cstackBANK0  000065
sendWarningLight@trafficLight       cstackBANK0  00006A
stackhi                             (abs)        000F15
stacklo                             (abs)        000290
start                               init         0000A0
start_initialization                cinit        002518


FUNCTION INFORMATION:

 *************** function _main *****************
 Defined at:
		line 172 in file "main.c"
 Parameters:    Size  Location     Type
  argc            2   64[BANK0 ] int 
  argv            3   66[BANK0 ] PTR PTR unsigned char 
 Auto vars:     Size  Location     Type
		None
 Return value:  Size  Location     Type
                  2   64[BANK0 ] int 
 Registers used:
		wreg, fsr1l, fsr1h, fsr2l, fsr2h, status,2, status,0, tblptrl, tblptrh, tblptru, prodl, prodh, cstack
 Tracked objects:
		On entry : 
		On exit  : 
		Unchanged: 
 Data sizes:     COMRAM   BANK0   BANK1   BANK2   BANK3   BANK4   BANK5   BANK6   BANK7   BANK8   BANK9  BANK10  BANK11  BANK12  BANK13  BANK14  BANK15
      Params:         0       5       0       0       0       0       0       0       0       0       0       0       0       0       0       0       0
      Locals:         0       0       0       0       0       0       0       0       0       0       0       0       0       0       0       0       0
      Temps:          0       0       0       0       0       0       0       0       0       0       0       0       0       0       0       0       0
      Totals:         0       5       0       0       0       0       0       0       0       0       0       0       0       0       0       0       0
Total ram usage:        5 bytes
 Hardware stack levels required when called:   14
 This function calls:
		_init
		_sendPedestrianLight
		_sendTrafficLight
		_sendWarningLight
 This function is called by:
		Startup code after reset
 This function uses a non-reentrant model


 *************** function _sendWarningLight *****************
 Defined at:
		line 155 in file "main.c"
 Parameters:    Size  Location     Type
  trafficLight    1    wreg     unsigned char 
  state           1    5[BANK0 ] unsigned char 
 Auto vars:     Size  Location     Type
  trafficLight    1   10[BANK0 ] unsigned char 
 Return value:  Size  Location     Type
                  1    wreg      void 
 Registers used:
		wreg, fsr1l, fsr1h, fsr2l, fsr2h, status,2, status,0, prodl, prodh, cstack
 Tracked objects:
		On entry : 
		On exit  : 
		Unchanged: 
 Data sizes:     COMRAM   BANK0   BANK1   BANK2   BANK3   BANK4   BANK5   BANK6   BANK7   BANK8   BANK9  BANK10  BANK11  BANK12  BANK13  BANK14  BANK15
      Params:         0       1       0       0       0       0       0       0       0       0       0       0       0       0       0       0       0
      Locals:         0       1       0       0       0       0       0       0       0       0       0       0       0       0       0       0       0
      Temps:          0       4       0       0       0       0       0       0       0       0       0       0       0       0       0       0       0
      Totals:         0       6       0       0       0       0       0       0       0       0       0       0       0       0       0       0       0
Total ram usage:        6 bytes
 Hardware stack levels used:    1
 Hardware stack levels required when called:    9
 This function calls:
		_Can_PutMessage
 This function is called by:
		_main
 This function uses a non-reentrant model


 *************** function _sendTrafficLight *****************
 Defined at:
		line 122 in file "main.c"
 Parameters:    Size  Location     Type
  trafficLight    1    wreg     unsigned char 
  color           1    5[BANK0 ] unsigned char 
 Auto vars:     Size  Location     Type
  trafficLight    1    8[BANK0 ] unsigned char 
 Return value:  Size  Location     Type
                  1    wreg      void 
 Registers used:
		wreg, fsr1l, fsr1h, fsr2l, fsr2h, status,2, status,0, prodl, prodh, cstack
 Tracked objects:
		On entry : 
		On exit  : 
		Unchanged: 
 Data sizes:     COMRAM   BANK0   BANK1   BANK2   BANK3   BANK4   BANK5   BANK6   BANK7   BANK8   BANK9  BANK10  BANK11  BANK12  BANK13  BANK14  BANK15
      Params:         0       1       0       0       0       0       0       0       0       0       0       0       0       0       0       0       0
      Locals:         0       1       0       0       0       0       0       0       0       0       0       0       0       0       0       0       0
      Temps:          0       2       0       0       0       0       0       0       0       0       0       0       0       0       0       0       0
      Totals:         0       4       0       0       0       0       0       0       0       0       0       0       0       0       0       0       0
Total ram usage:        4 bytes
 Hardware stack levels used:    1
 Hardware stack levels required when called:    9
 This function calls:
		_Can_PutMessage
 This function is called by:
		_main
 This function uses a non-reentrant model


 *************** function _sendPedestrianLight *****************
 Defined at:
		line 140 in file "main.c"
 Parameters:    Size  Location     Type
  trafficLight    1    wreg     unsigned char 
  color           1    5[BANK0 ] unsigned char 
 Auto vars:     Size  Location     Type
  trafficLight    1    8[BANK0 ] unsigned char 
 Return value:  Size  Location     Type
                  1    wreg      void 
 Registers used:
		wreg, fsr1l, fsr1h, fsr2l, fsr2h, status,2, status,0, prodl, prodh, cstack
 Tracked objects:
		On entry : 
		On exit  : 
		Unchanged: 
 Data sizes:     COMRAM   BANK0   BANK1   BANK2   BANK3   BANK4   BANK5   BANK6   BANK7   BANK8   BANK9  BANK10  BANK11  BANK12  BANK13  BANK14  BANK15
      Params:         0       1       0       0       0       0       0       0       0       0       0       0       0       0       0       0       0
      Locals:         0       1       0       0       0       0       0       0       0       0       0       0       0       0       0       0       0
      Temps:          0       2       0       0       0       0       0       0       0       0       0       0       0       0       0       0       0
      Totals:         0       4       0       0       0       0       0       0       0       0       0       0       0       0       0       0       0
Total ram usage:        4 bytes
 Hardware stack levels used:    1
 Hardware stack levels required when called:    9
 This function calls:
		_Can_PutMessage
 This function is called by:
		_main
 This function uses a non-reentrant model


 *************** function _init *****************
 Defined at:
		line 46 in file "main.c"
 Parameters:    Size  Location     Type
		None
 Auto vars:     Size  Location     Type
		None
 Return value:  Size  Location     Type
                  1    wreg      void 
 Registers used:
		wreg, fsr1l, fsr1h, fsr2l, fsr2h, status,2, status,0, tblptrl, tblptrh, tblptru, prodl, prodh, cstack
 Tracked objects:
		On entry : 
		On exit  : 
		Unchanged: 
 Data sizes:     COMRAM   BANK0   BANK1   BANK2   BANK3   BANK4   BANK5   BANK6   BANK7   BANK8   BANK9  BANK10  BANK11  BANK12  BANK13  BANK14  BANK15
      Params:         0       0       0       0       0       0       0       0       0       0       0       0       0       0       0       0       0
      Locals:         0       0       0       0       0       0       0       0       0       0       0       0       0       0       0       0       0
      Temps:          0       0       0       0       0       0       0       0       0       0       0       0       0       0       0       0       0
      Totals:         0       0       0       0       0       0       0       0       0       0       0       0       0       0       0       0       0
Total ram usage:        0 bytes
 Hardware stack levels used:    1
 Hardware stack levels required when called:   13
 This function calls:
		_Can_Init
		_readConflictInfo
		_readID
 This function is called by:
		_main
 This function uses a non-reentrant model


 *************** function _readID *****************
 Defined at:
		line 65 in file "main.c"
 Parameters:    Size  Location     Type
		None
 Auto vars:     Size  Location     Type
  retVal          1    5[BANK0 ] unsigned char 
 Return value:  Size  Location     Type
                  1    wreg      unsigned char 
 Registers used:
		wreg, fsr1l, fsr1h, fsr2l, fsr2h, status,2, status,0, prodl, prodh, cstack
 Tracked objects:
		On entry : 
		On exit  : 
		Unchanged: 
 Data sizes:     COMRAM   BANK0   BANK1   BANK2   BANK3   BANK4   BANK5   BANK6   BANK7   BANK8   BANK9  BANK10  BANK11  BANK12  BANK13  BANK14  BANK15
      Params:         0       0       0       0       0       0       0       0       0       0       0       0       0       0       0       0       0
      Locals:         0       1       0       0       0       0       0       0       0       0       0       0       0       0       0       0       0
      Temps:          0       0       0       0       0       0       0       0       0       0       0       0       0       0       0       0       0
      Totals:         0       1       0       0       0       0       0       0       0       0       0       0       0       0       0       0       0
Total ram usage:        1 bytes
 Hardware stack levels used:    1
 Hardware stack levels required when called:    9
 This function calls:
		_Can_GetMessage
		_Can_PutMessage
		_resetData
 This function is called by:
		_init
 This function uses a non-reentrant model


 *************** function _readConflictInfo *****************
 Defined at:
		line 86 in file "main.c"
 Parameters:    Size  Location     Type
		None
 Auto vars:     Size  Location     Type
  j               2   14[BANK0 ] int 
  i               2   12[BANK0 ] int 
 Return value:  Size  Location     Type
                  1    wreg      void 
 Registers used:
		wreg, fsr1l, fsr1h, fsr2l, fsr2h, status,2, status,0, prodl, prodh, cstack
 Tracked objects:
		On entry : 
		On exit  : 
		Unchanged: 
 Data sizes:     COMRAM   BANK0   BANK1   BANK2   BANK3   BANK4   BANK5   BANK6   BANK7   BANK8   BANK9  BANK10  BANK11  BANK12  BANK13  BANK14  BANK15
      Params:         0       0       0       0       0       0       0       0       0       0       0       0       0       0       0       0       0
      Locals:         0       4       0       0       0       0       0       0       0       0       0       0       0       0       0       0       0
      Temps:          0       6       0       0       0       0       0       0       0       0       0       0       0       0       0       0       0
      Totals:         0      10       0       0       0       0       0       0       0       0       0       0       0       0       0       0       0
Total ram usage:       10 bytes
 Hardware stack levels used:    1
 Hardware stack levels required when called:    9
 This function calls:
		_Can_GetMessage
		_Can_PutMessage
		___wmul
		_resetData
 This function is called by:
		_init
 This function uses a non-reentrant model


 *************** function _resetData *****************
 Defined at:
		line 165 in file "main.c"
 Parameters:    Size  Location     Type
		None
 Auto vars:     Size  Location     Type
  i               2    0[BANK0 ] int 
 Return value:  Size  Location     Type
                  1    wreg      void 
 Registers used:
		wreg, fsr2l, fsr2h, status,2, status,0
 Tracked objects:
		On entry : 
		On exit  : 
		Unchanged: 
 Data sizes:     COMRAM   BANK0   BANK1   BANK2   BANK3   BANK4   BANK5   BANK6   BANK7   BANK8   BANK9  BANK10  BANK11  BANK12  BANK13  BANK14  BANK15
      Params:         0       0       0       0       0       0       0       0       0       0       0       0       0       0       0       0       0
      Locals:         0       2       0       0       0       0       0       0       0       0       0       0       0       0       0       0       0
      Temps:          0       0       0       0       0       0       0       0       0       0       0       0       0       0       0       0       0
      Totals:         0       2       0       0       0       0       0       0       0       0       0       0       0       0       0       0       0
Total ram usage:        2 bytes
 Hardware stack levels used:    1
 Hardware stack levels required when called:    8
 This function calls:
		Nothing
 This function is called by:
		_readID
		_readConflictInfo
 This function uses a non-reentrant model


 *************** function ___wmul *****************
 Defined at:
		line 15 in file "C:\Program Files (x86)\Microchip\xc8\v1.42\sources\common\Umul16.c"
 Parameters:    Size  Location     Type
  multiplier      2    0[BANK0 ] unsigned int 
  multiplicand    2    2[BANK0 ] unsigned int 
 Auto vars:     Size  Location     Type
  product         2    4[BANK0 ] unsigned int 
 Return value:  Size  Location     Type
                  2    0[BANK0 ] unsigned int 
 Registers used:
		wreg, status,2, status,0, prodl, prodh
 Tracked objects:
		On entry : 
		On exit  : 
		Unchanged: 
 Data sizes:     COMRAM   BANK0   BANK1   BANK2   BANK3   BANK4   BANK5   BANK6   BANK7   BANK8   BANK9  BANK10  BANK11  BANK12  BANK13  BANK14  BANK15
      Params:         0       4       0       0       0       0       0       0       0       0       0       0       0       0       0       0       0
      Locals:         0       2       0       0       0       0       0       0       0       0       0       0       0       0       0       0       0
      Temps:          0       0       0       0       0       0       0       0       0       0       0       0       0       0       0       0       0
      Totals:         0       6       0       0       0       0       0       0       0       0       0       0       0       0       0       0       0
Total ram usage:        6 bytes
 Hardware stack levels used:    1
 Hardware stack levels required when called:    8
 This function calls:
		Nothing
 This function is called by:
		_readConflictInfo
 This function uses a non-reentrant model


 *************** function _Can_PutMessage *****************
 Defined at:
		line 200 in file "can.c"
 Parameters:    Size  Location     Type
  msgPtr          2    0[BANK0 ] PTR struct CANMESSAGE
		 -> messageTx(17), 
 Auto vars:     Size  Location     Type
  i               1    4[BANK0 ] unsigned char 
 Return value:  Size  Location     Type
                  1    wreg      unsigned char 
 Registers used:
		wreg, fsr1l, fsr1h, fsr2l, fsr2h, status,2, status,0, prodl, prodh
 Tracked objects:
		On entry : 
		On exit  : 
		Unchanged: 
 Data sizes:     COMRAM   BANK0   BANK1   BANK2   BANK3   BANK4   BANK5   BANK6   BANK7   BANK8   BANK9  BANK10  BANK11  BANK12  BANK13  BANK14  BANK15
      Params:         0       2       0       0       0       0       0       0       0       0       0       0       0       0       0       0       0
      Locals:         0       1       0       0       0       0       0       0       0       0       0       0       0       0       0       0       0
      Temps:          0       2       0       0       0       0       0       0       0       0       0       0       0       0       0       0       0
      Totals:         0       5       0       0       0       0       0       0       0       0       0       0       0       0       0       0       0
Total ram usage:        5 bytes
 Hardware stack levels used:    1
 Hardware stack levels required when called:    8
 This function calls:
		Nothing
 This function is called by:
		_readID
		_readConflictInfo
		_sendTrafficLight
		_sendPedestrianLight
		_sendWarningLight
 This function uses a non-reentrant model


 *************** function _Can_GetMessage *****************
 Defined at:
		line 169 in file "can.c"
 Parameters:    Size  Location     Type
  msgPtr          2    0[BANK0 ] PTR struct CANMESSAGE
		 -> message(17), 
 Auto vars:     Size  Location     Type
  i               1    4[BANK0 ] unsigned char 
 Return value:  Size  Location     Type
                  1    wreg      unsigned char 
 Registers used:
		wreg, fsr1l, fsr1h, fsr2l, fsr2h, status,2, status,0, prodl, prodh
 Tracked objects:
		On entry : 
		On exit  : 
		Unchanged: 
 Data sizes:     COMRAM   BANK0   BANK1   BANK2   BANK3   BANK4   BANK5   BANK6   BANK7   BANK8   BANK9  BANK10  BANK11  BANK12  BANK13  BANK14  BANK15
      Params:         0       2       0       0       0       0       0       0       0       0       0       0       0       0       0       0       0
      Locals:         0       1       0       0       0       0       0       0       0       0       0       0       0       0       0       0       0
      Temps:          0       2       0       0       0       0       0       0       0       0       0       0       0       0       0       0       0
      Totals:         0       5       0       0       0       0       0       0       0       0       0       0       0       0       0       0       0
Total ram usage:        5 bytes
 Hardware stack levels used:    1
 Hardware stack levels required when called:    8
 This function calls:
		Nothing
 This function is called by:
		_readID
		_readConflictInfo
 This function uses a non-reentrant model


 *************** function _Can_Init *****************
 Defined at:
		line 237 in file "can.c"
 Parameters:    Size  Location     Type
  speedCfg        2   60[BANK0 ] PTR const struct CANSPEE
		 -> canSpeed125k(7), 
  filterCfg       2   62[BANK0 ] PTR struct CANFILTER
		 -> filter(33), 
 Auto vars:     Size  Location     Type
		None
 Return value:  Size  Location     Type
                  1    wreg      void 
 Registers used:
		wreg, fsr2l, fsr2h, status,2, status,0, tblptrl, tblptrh, tblptru, cstack
 Tracked objects:
		On entry : 
		On exit  : 
		Unchanged: 
 Data sizes:     COMRAM   BANK0   BANK1   BANK2   BANK3   BANK4   BANK5   BANK6   BANK7   BANK8   BANK9  BANK10  BANK11  BANK12  BANK13  BANK14  BANK15
      Params:         0       4       0       0       0       0       0       0       0       0       0       0       0       0       0       0       0
      Locals:         0       0       0       0       0       0       0       0       0       0       0       0       0       0       0       0       0
      Temps:          0       0       0       0       0       0       0       0       0       0       0       0       0       0       0       0       0
      Totals:         0       4       0       0       0       0       0       0       0       0       0       0       0       0       0       0       0
Total ram usage:        4 bytes
 Hardware stack levels used:    1
 Hardware stack levels required when called:   12
 This function calls:
		_Mcp2515_Init
 This function is called by:
		_init
 This function uses a non-reentrant model


 *************** function _Mcp2515_Init *****************
 Defined at:
		line 38 in file "mcp2515.c"
 Parameters:    Size  Location     Type
  speedCfg        2   35[BANK0 ] PTR const struct CANSPEE
		 -> canSpeed125k(7), 
  filterCfg       2   37[BANK0 ] PTR struct CANFILTER
		 -> filter(33), 
 Auto vars:     Size  Location     Type
  cmdMask4        4   53[BANK0 ] unsigned char [4]
  cmdWrite3       3   57[BANK0 ] unsigned char [3]
  i               1   52[BANK0 ] unsigned char 
 Return value:  Size  Location     Type
                  1    wreg      void 
 Registers used:
		wreg, fsr2l, fsr2h, status,2, status,0, tblptrl, tblptrh, tblptru, cstack
 Tracked objects:
		On entry : 
		On exit  : 
		Unchanged: 
 Data sizes:     COMRAM   BANK0   BANK1   BANK2   BANK3   BANK4   BANK5   BANK6   BANK7   BANK8   BANK9  BANK10  BANK11  BANK12  BANK13  BANK14  BANK15
      Params:         0       4       0       0       0       0       0       0       0       0       0       0       0       0       0       0       0
      Locals:         0       8       0       0       0       0       0       0       0       0       0       0       0       0       0       0       0
      Temps:          0      13       0       0       0       0       0       0       0       0       0       0       0       0       0       0       0
      Totals:         0      25       0       0       0       0       0       0       0       0       0       0       0       0       0       0       0
Total ram usage:       25 bytes
 Hardware stack levels used:    1
 Hardware stack levels required when called:   11
 This function calls:
		_Mcp2515WriteCanId
		_Mcp2515_Reset
		_Spi_Write
 This function is called by:
		_Can_Init
 This function uses a non-reentrant model


 *************** function _Mcp2515_Reset *****************
 Defined at:
		line 21 in file "mcp2515.c"
 Parameters:    Size  Location     Type
		None
 Auto vars:     Size  Location     Type
  i               4   19[BANK0 ] unsigned long 
  cmd             1   18[BANK0 ] unsigned char 
 Return value:  Size  Location     Type
                  1    wreg      void 
 Registers used:
		wreg, fsr2l, fsr2h, status,2, status,0, cstack
 Tracked objects:
		On entry : 
		On exit  : 
		Unchanged: 
 Data sizes:     COMRAM   BANK0   BANK1   BANK2   BANK3   BANK4   BANK5   BANK6   BANK7   BANK8   BANK9  BANK10  BANK11  BANK12  BANK13  BANK14  BANK15
      Params:         0       0       0       0       0       0       0       0       0       0       0       0       0       0       0       0       0
      Locals:         0       5       0       0       0       0       0       0       0       0       0       0       0       0       0       0       0
      Temps:          0       0       0       0       0       0       0       0       0       0       0       0       0       0       0       0       0
      Totals:         0       5       0       0       0       0       0       0       0       0       0       0       0       0       0       0       0
Total ram usage:        5 bytes
 Hardware stack levels used:    1
 Hardware stack levels required when called:   10
 This function calls:
		_Spi_Write
 This function is called by:
		_Mcp2515_Init
 This function uses a non-reentrant model


 *************** function _Mcp2515WriteCanId *****************
 Defined at:
		line 233 in file "mcp2515.c"
 Parameters:    Size  Location     Type
  mcp_addr        1    wreg     unsigned char 
  ext             1   18[BANK0 ] unsigned char 
  can_id          4   19[BANK0 ] unsigned long 
 Auto vars:     Size  Location     Type
  mcp_addr        1   26[BANK0 ] unsigned char 
  buf             6   27[BANK0 ] unsigned char [6]
  canid           2   33[BANK0 ] unsigned int 
 Return value:  Size  Location     Type
                  1    wreg      void 
 Registers used:
		wreg, fsr2l, fsr2h, status,2, status,0, cstack
 Tracked objects:
		On entry : 
		On exit  : 
		Unchanged: 
 Data sizes:     COMRAM   BANK0   BANK1   BANK2   BANK3   BANK4   BANK5   BANK6   BANK7   BANK8   BANK9  BANK10  BANK11  BANK12  BANK13  BANK14  BANK15
      Params:         0       5       0       0       0       0       0       0       0       0       0       0       0       0       0       0       0
      Locals:         0       9       0       0       0       0       0       0       0       0       0       0       0       0       0       0       0
      Temps:          0       3       0       0       0       0       0       0       0       0       0       0       0       0       0       0       0
      Totals:         0      17       0       0       0       0       0       0       0       0       0       0       0       0       0       0       0
Total ram usage:       17 bytes
 Hardware stack levels used:    1
 Hardware stack levels required when called:   10
 This function calls:
		_Spi_Write
 This function is called by:
		_Mcp2515_Init
 This function uses a non-reentrant model


 *************** function _Spi_Write *****************
 Defined at:
		line 332 in file "can.c"
 Parameters:    Size  Location     Type
  tx              2   12[BANK0 ] PTR unsigned char 
		 -> Mcp2515WriteCanMsg@buf(10), Mcp2515WriteCanId@buf(6), Mcp2515Sleep@cmdMask4(3), Mcp2515_Init@cmdWrite3(3), 
		 -> Mcp2515_Init@cmdMask4(4), Mcp2515_Reset@cmd(1), Can_SendMessage@buf(4), Can_ReadMessage@buf(4), 
  size            4   14[BANK0 ] unsigned long 
 Auto vars:     Size  Location     Type
		None
 Return value:  Size  Location     Type
                  1    wreg      void 
 Registers used:
		wreg, fsr2l, fsr2h, status,2, status,0, cstack
 Tracked objects:
		On entry : 
		On exit  : 
		Unchanged: 
 Data sizes:     COMRAM   BANK0   BANK1   BANK2   BANK3   BANK4   BANK5   BANK6   BANK7   BANK8   BANK9  BANK10  BANK11  BANK12  BANK13  BANK14  BANK15
      Params:         0       6       0       0       0       0       0       0       0       0       0       0       0       0       0       0       0
      Locals:         0       0       0       0       0       0       0       0       0       0       0       0       0       0       0       0       0
      Temps:          0       0       0       0       0       0       0       0       0       0       0       0       0       0       0       0       0
      Totals:         0       6       0       0       0       0       0       0       0       0       0       0       0       0       0       0       0
Total ram usage:        6 bytes
 Hardware stack levels used:    1
 Hardware stack levels required when called:    9
 This function calls:
		_SPIRW
 This function is called by:
		_Mcp2515_Reset
		_Mcp2515_Init
		_Mcp2515WriteCanId
		_Mcp2515Sleep
 This function uses a non-reentrant model


 *************** function _SPIRW *****************
 Defined at:
		line 293 in file "can.c"
 Parameters:    Size  Location     Type
  tx              2    0[BANK0 ] PTR const unsigned char 
		 -> Mcp2515GetNextFreeTXBuf@buf(3), Mcp2515WriteCanMsg@buf(10), Mcp2515WriteCanId@buf(6), Mcp2515ReadCanMsg@cmd(10), 
		 -> Mcp2515ReadCanId@msg(6), Mcp2515Sleep@cmdMask4(3), Mcp2515_Init@cmdWrite3(3), Mcp2515_Init@cmdMask4(4), 
		 -> Mcp2515_Reset@cmd(1), Can_SendMessage@buf(4), Can_ReadMessage@buf(4), Can_GetStatus@msg4(4), 
		 -> Can_GetStatus@msg(3), 
  rx              2    2[BANK0 ] PTR unsigned char 
		 -> Mcp2515GetNextFreeTXBuf@buf(3), Mcp2515ReadCanMsg@cmd(10), Mcp2515ReadCanId@msg(6), Can_ReadMessage@buf(4), 
		 -> Can_GetStatus@msg4(4), Can_GetStatus@msg(3), NULL(0), 
  size            4    4[BANK0 ] unsigned long 
 Auto vars:     Size  Location     Type
  i               4    8[BANK0 ] unsigned long 
 Return value:  Size  Location     Type
                  1    wreg      void 
 Registers used:
		wreg, fsr2l, fsr2h, status,2, status,0
 Tracked objects:
		On entry : 
		On exit  : 
		Unchanged: 
 Data sizes:     COMRAM   BANK0   BANK1   BANK2   BANK3   BANK4   BANK5   BANK6   BANK7   BANK8   BANK9  BANK10  BANK11  BANK12  BANK13  BANK14  BANK15
      Params:         0       8       0       0       0       0       0       0       0       0       0       0       0       0       0       0       0
      Locals:         0       4       0       0       0       0       0       0       0       0       0       0       0       0       0       0       0
      Temps:          0       0       0       0       0       0       0       0       0       0       0       0       0       0       0       0       0
      Totals:         0      12       0       0       0       0       0       0       0       0       0       0       0       0       0       0       0
Total ram usage:       12 bytes
 Hardware stack levels used:    1
 Hardware stack levels required when called:    8
 This function calls:
		Nothing
 This function is called by:
		_Spi_Write
 This function uses a non-reentrant model


 *************** function _high_isr *****************
 Defined at:
		line 3 in file "interrupt.c"
 Parameters:    Size  Location     Type
		None
 Auto vars:     Size  Location     Type
		None
 Return value:  Size  Location     Type
                  1    wreg      void 
 Registers used:
		wreg, fsr1l, fsr1h, fsr2l, fsr2h, status,2, status,0, prodl, prodh, cstack
 Tracked objects:
		On entry : 
		On exit  : 
		Unchanged: 
 Data sizes:     COMRAM   BANK0   BANK1   BANK2   BANK3   BANK4   BANK5   BANK6   BANK7   BANK8   BANK9  BANK10  BANK11  BANK12  BANK13  BANK14  BANK15
      Params:         0       0       0       0       0       0       0       0       0       0       0       0       0       0       0       0       0
      Locals:         0       0       0       0       0       0       0       0       0       0       0       0       0       0       0       0       0
      Temps:         14       0       0       0       0       0       0       0       0       0       0       0       0       0       0       0       0
      Totals:        14       0       0       0       0       0       0       0       0       0       0       0       0       0       0       0       0
Total ram usage:       14 bytes
 Hardware stack levels used:    1
 Hardware stack levels required when called:    7
 This function calls:
		_Can_Isr
 This function is called by:
		Interrupt level 2
 This function uses a non-reentrant model


 *************** function _Can_Isr *****************
 Defined at:
		line 50 in file "can.c"
 Parameters:    Size  Location     Type
		None
 Auto vars:     Size  Location     Type
  retCode         1   72[COMRAM] unsigned char 
 Return value:  Size  Location     Type
                  1    wreg      void 
 Registers used:
		wreg, fsr1l, fsr1h, fsr2l, fsr2h, status,2, status,0, prodl, prodh, cstack
 Tracked objects:
		On entry : 
		On exit  : 
		Unchanged: 
 Data sizes:     COMRAM   BANK0   BANK1   BANK2   BANK3   BANK4   BANK5   BANK6   BANK7   BANK8   BANK9  BANK10  BANK11  BANK12  BANK13  BANK14  BANK15
      Params:         0       0       0       0       0       0       0       0       0       0       0       0       0       0       0       0       0
      Locals:         1       0       0       0       0       0       0       0       0       0       0       0       0       0       0       0       0
      Temps:          1       0       0       0       0       0       0       0       0       0       0       0       0       0       0       0       0
      Totals:         2       0       0       0       0       0       0       0       0       0       0       0       0       0       0       0       0
Total ram usage:        2 bytes
 Hardware stack levels used:    1
 Hardware stack levels required when called:    6
 This function calls:
		_Can_GetStatus
		_Can_OutBufferStatus
		_Can_ReadInBuffer
		_Can_WriteOutBuffer
 This function is called by:
		_high_isr
[...]
      Totals:        10       0       0       0       0       0       0       0       0       0       0       0       0       0       0       0       0
Total ram usage:       10 bytes
 Hardware stack levels used:    1
 Hardware stack levels required when called:    2
 This function calls:
		_Spi_ReadWrite
 This function is called by:
		_Can_SendMessage
 This function uses a non-reentrant model


 *************** function _Can_ReadInBuffer *****************
 Defined at:
		line 94 in file "can.c"
 Parameters:    Size  Location     Type
		None
 Auto vars:     Size  Location     Type
  i               1   70[COMRAM] unsigned char 
  rdStatus        1   69[COMRAM] unsigned char 
  error           1   68[COMRAM] unsigned char 
 Return value:  Size  Location     Type
                  1    wreg      unsigned char 
 Registers used:
		wreg, fsr1l, fsr1h, fsr2l, fsr2h, status,2, status,0, prodl, prodh, cstack
 Tracked objects:
		On entry : 
		On exit  : 
		Unchanged: 
 Data sizes:     COMRAM   BANK0   BANK1   BANK2   BANK3   BANK4   BANK5   BANK6   BANK7   BANK8   BANK9  BANK10  BANK11  BANK12  BANK13  BANK14  BANK15
      Params:         0       0       0       0       0       0       0       0       0       0       0       0       0       0       0       0       0
      Locals:         3       0       0       0       0       0       0       0       0       0       0       0       0       0       0       0       0
      Temps:          0       0       0       0       0       0       0       0       0       0       0       0       0       0       0       0       0
      Totals:         3       0       0       0       0       0       0       0       0       0       0       0       0       0       0       0       0
Total ram usage:        3 bytes
 Hardware stack levels used:    1
 Hardware stack levels required when called:    5
 This function calls:
		_Can_ReadMessage
 This function is called by:
		_Can_Isr
 This function uses a non-reentrant model


 *************** function _Can_ReadMessage *****************
 Defined at:
		line 372 in file "can.c"
 Parameters:    Size  Location     Type
  msg             2   62[COMRAM] PTR struct CANMESSAGE
		 -> rxBuffer(68), 
 Auto vars:     Size  Location     Type
  buf             4   64[COMRAM] unsigned char [4]
 Return value:  Size  Location     Type
                  1    wreg      unsigned char 
 Registers used:
		wreg, fsr1l, fsr1h, fsr2l, fsr2h, status,2, status,0, cstack
 Tracked objects:
		On entry : 
		On exit  : 
		Unchanged: 
 Data sizes:     COMRAM   BANK0   BANK1   BANK2   BANK3   BANK4   BANK5   BANK6   BANK7   BANK8   BANK9  BANK10  BANK11  BANK12  BANK13  BANK14  BANK15
      Params:         2       0       0       0       0       0       0       0       0       0       0       0       0       0       0       0       0
      Locals:         4       0       0       0       0       0       0       0       0       0       0       0       0       0       0       0       0
      Temps:          0       0       0       0       0       0       0       0       0       0       0       0       0       0       0       0       0
      Totals:         6       0       0       0       0       0       0       0       0       0       0       0       0       0       0       0       0
Total ram usage:        6 bytes
 Hardware stack levels used:    1
 Hardware stack levels required when called:    4
 This function calls:
		_Mcp2515ReadCanMsg
		_Spi_ReadWrite
		i2_Spi_Write
 This function is called by:
		_Can_ReadInBuffer
 This function uses a non-reentrant model


 *************** function i2_Spi_Write *****************
 Defined at:
		line 332 in file "can.c"
 Parameters:    Size  Location     Type
  tx              2   12[COMRAM] PTR unsigned char 
		 -> Mcp2515WriteCanMsg@buf(10), Mcp2515WriteCanId@buf(6), Mcp2515Sleep@cmdMask4(3), Mcp2515_Init@cmdWrite3(3), 
		 -> Mcp2515_Init@cmdMask4(4), Mcp2515_Reset@cmd(1), Can_SendMessage@buf(4), Can_ReadMessage@buf(4), 
  size            4   14[COMRAM] unsigned long 
 Auto vars:     Size  Location     Type
		None
 Return value:  Size  Location     Type
                  1    wreg      void 
 Registers used:
		wreg, fsr2l, fsr2h, status,2, status,0, cstack
 Tracked objects:
		On entry : 
		On exit  : 
		Unchanged: 
 Data sizes:     COMRAM   BANK0   BANK1   BANK2   BANK3   BANK4   BANK5   BANK6   BANK7   BANK8   BANK9  BANK10  BANK11  BANK12  BANK13  BANK14  BANK15
      Params:         6       0       0       0       0       0       0       0       0       0       0       0       0       0       0       0       0
      Locals:         0       0       0       0       0       0       0       0       0       0       0       0       0       0       0       0       0
      Temps:          0       0       0       0       0       0       0       0       0       0       0       0       0       0       0       0       0
      Totals:         6       0       0       0       0       0       0       0       0       0       0       0       0       0       0       0       0
Total ram usage:        6 bytes
 Hardware stack levels used:    1
 Hardware stack levels required when called:    1
 This function calls:
		i2_SPIRW
 This function is called by:
		_Can_ReadMessage
		_Can_SendMessage
		_Mcp2515WriteCanMsg
		i2_Mcp2515WriteCanId
 This function uses a non-reentrant model


 *************** function _Mcp2515ReadCanMsg *****************
 Defined at:
		line 194 in file "mcp2515.c"
 Parameters:    Size  Location     Type
  mcp_addr        1    wreg     const unsigned char 
  msg             2   47[COMRAM] PTR struct CANMESSAGE
		 -> rxBuffer(68), 
 Auto vars:     Size  Location     Type
  mcp_addr        1   61[COMRAM] const unsigned char 
  cmd            10   51[COMRAM] unsigned char [10]
 Return value:  Size  Location     Type
                  1    wreg      void 
 Registers used:
		wreg, fsr1l, fsr1h, fsr2l, fsr2h, status,2, status,0, cstack
 Tracked objects:
		On entry : 
		On exit  : 
		Unchanged: 
 Data sizes:     COMRAM   BANK0   BANK1   BANK2   BANK3   BANK4   BANK5   BANK6   BANK7   BANK8   BANK9  BANK10  BANK11  BANK12  BANK13  BANK14  BANK15
      Params:         2       0       0       0       0       0       0       0       0       0       0       0       0       0       0       0       0
      Locals:        11       0       0       0       0       0       0       0       0       0       0       0       0       0       0       0       0
      Temps:          2       0       0       0       0       0       0       0       0       0       0       0       0       0       0       0       0
      Totals:        15       0       0       0       0       0       0       0       0       0       0       0       0       0       0       0       0
Total ram usage:       15 bytes
 Hardware stack levels used:    1
 Hardware stack levels required when called:    3
 This function calls:
		_Mcp2515ReadCanId
		_Spi_ReadWrite
		_memcpy
 This function is called by:
		_Can_ReadMessage
 This function uses a non-reentrant model


 *************** function _memcpy *****************
 Defined at:
		line 27 in file "C:\Program Files (x86)\Microchip\xc8\v1.42\sources\common\memcpy.c"
 Parameters:    Size  Location     Type
  d1              2    0[COMRAM] PTR void 
		 -> rxBuffer(68), 
  s1              2    2[COMRAM] PTR const void 
		 -> Mcp2515ReadCanMsg@cmd(10), 
  n               2    4[COMRAM] unsigned int 
 Auto vars:     Size  Location     Type
  s               2    8[COMRAM] PTR const unsigned char 
		 -> Mcp2515ReadCanMsg@cmd(10), 
  d               2    6[COMRAM] PTR unsigned char 
		 -> rxBuffer(68), 
  tmp             1   10[COMRAM] unsigned char 
 Return value:  Size  Location     Type
                  2    0[COMRAM] PTR void 
 Registers used:
		wreg, fsr2l, fsr2h, status,2, status,0
 Tracked objects:
		On entry : 
		On exit  : 
		Unchanged: 
 Data sizes:     COMRAM   BANK0   BANK1   BANK2   BANK3   BANK4   BANK5   BANK6   BANK7   BANK8   BANK9  BANK10  BANK11  BANK12  BANK13  BANK14  BANK15
      Params:         6       0       0       0       0       0       0       0       0       0       0       0       0       0       0       0       0
      Locals:         5       0       0       0       0       0       0       0       0       0       0       0       0       0       0       0       0
      Temps:          0       0       0       0       0       0       0       0       0       0       0       0       0       0       0       0       0
      Totals:        11       0       0       0       0       0       0       0       0       0       0       0       0       0       0       0       0
Total ram usage:       11 bytes
 Hardware stack levels used:    1
 This function calls:
		Nothing
 This function is called by:
		_Mcp2515ReadCanMsg
 This function uses a non-reentrant model


 *************** function _Mcp2515ReadCanId *****************
 Defined at:
		line 164 in file "mcp2515.c"
 Parameters:    Size  Location     Type
  mcp_addr        1    wreg     const unsigned char 
  ext             2   18[COMRAM] PTR unsigned char 
		 -> rxBuffer(68), 
  can_id          2   20[COMRAM] PTR unsigned long 
		 -> rxBuffer(68), 
 Auto vars:     Size  Location     Type
  mcp_addr        1   40[COMRAM] const unsigned char 
  msg             6   41[COMRAM] unsigned char [6]
 Return value:  Size  Location     Type
                  1    wreg      void 
 Registers used:
		wreg, fsr1l, fsr1h, fsr2l, fsr2h, status,2, status,0, cstack
 Tracked objects:
		On entry : 
		On exit  : 
		Unchanged: 
 Data sizes:     COMRAM   BANK0   BANK1   BANK2   BANK3   BANK4   BANK5   BANK6   BANK7   BANK8   BANK9  BANK10  BANK11  BANK12  BANK13  BANK14  BANK15
      Params:         4       0       0       0       0       0       0       0       0       0       0       0       0       0       0       0       0
      Locals:         7       0       0       0       0       0       0       0       0       0       0       0       0       0       0       0       0
      Temps:         18       0       0       0       0       0       0       0       0       0       0       0       0       0       0       0       0
      Totals:        29       0       0       0       0       0       0       0       0       0       0       0       0       0       0       0       0
Total ram usage:       29 bytes
 Hardware stack levels used:    1
 Hardware stack levels required when called:    2
 This function calls:
		_Spi_ReadWrite
 This function is called by:
		_Mcp2515ReadCanMsg
 This function uses a non-reentrant model


 *************** function _Can_OutBufferStatus *****************
 Defined at:
		line 156 in file "can.c"
 Parameters:    Size  Location     Type
		None
 Auto vars:     Size  Location     Type
		None
 Return value:  Size  Location     Type
                  1    wreg      unsigned char 
 Registers used:
		wreg, status,2
 Tracked objects:
		On entry : 
		On exit  : 
		Unchanged: 
 Data sizes:     COMRAM   BANK0   BANK1   BANK2   BANK3   BANK4   BANK5   BANK6   BANK7   BANK8   BANK9  BANK10  BANK11  BANK12  BANK13  BANK14  BANK15
      Params:         0       0       0       0       0       0       0       0       0       0       0       0       0       0       0       0       0
      Locals:         0       0       0       0       0       0       0       0       0       0       0       0       0       0       0       0       0
      Temps:          0       0       0       0       0       0       0       0       0       0       0       0       0       0       0       0       0
      Totals:         0       0       0       0       0       0       0       0       0       0       0       0       0       0       0       0       0
Total ram usage:        0 bytes
 Hardware stack levels used:    1
 This function calls:
		Nothing
 This function is called by:
		_Can_Isr
 This function uses a non-reentrant model


 *************** function _Can_GetStatus *****************
 Defined at:
		line 349 in file "can.c"
 Parameters:    Size  Location     Type
		None
 Auto vars:     Size  Location     Type
  msg4            4   18[COMRAM] unsigned char [4]
  msg             3   22[COMRAM] unsigned char [3]
  status          1   25[COMRAM] unsigned char 
 Return value:  Size  Location     Type
                  1    wreg      unsigned char 
 Registers used:
		wreg, fsr2l, fsr2h, status,2, status,0, cstack
 Tracked objects:
		On entry : 
		On exit  : 
		Unchanged: 
 Data sizes:     COMRAM   BANK0   BANK1   BANK2   BANK3   BANK4   BANK5   BANK6   BANK7   BANK8   BANK9  BANK10  BANK11  BANK12  BANK13  BANK14  BANK15
      Params:         0       0       0       0       0       0       0       0       0       0       0       0       0       0       0       0       0
      Locals:         8       0       0       0       0       0       0       0       0       0       0       0       0       0       0       0       0
      Temps:          0       0       0       0       0       0       0       0       0       0       0       0       0       0       0       0       0
      Totals:         8       0       0       0       0       0       0       0       0       0       0       0       0       0       0       0       0
Total ram usage:        8 bytes
 Hardware stack levels used:    1
 Hardware stack levels required when called:    2
 This function calls:
		_Spi_ReadWrite
 This function is called by:
		_Can_Isr
 This function uses a non-reentrant model


 *************** function _Spi_ReadWrite *****************
 Defined at:
		line 319 in file "can.c"
 Parameters:    Size  Location     Type
  rx_tx           2   12[COMRAM] PTR unsigned char 
		 -> Mcp2515GetNextFreeTXBuf@buf(3), Mcp2515ReadCanMsg@cmd(10), Mcp2515ReadCanId@msg(6), Can_ReadMessage@buf(4), 
		 -> Can_GetStatus@msg4(4), Can_GetStatus@msg(3), 
  size            4   14[COMRAM] unsigned long 
 Auto vars:     Size  Location     Type
		None
 Return value:  Size  Location     Type
                  1    wreg      void 
 Registers used:
		wreg, fsr2l, fsr2h, status,2, status,0, cstack
 Tracked objects:
		On entry : 
		On exit  : 
		Unchanged: 
 Data sizes:     COMRAM   BANK0   BANK1   BANK2   BANK3   BANK4   BANK5   BANK6   BANK7   BANK8   BANK9  BANK10  BANK11  BANK12  BANK13  BANK14  BANK15
      Params:         6       0       0       0       0       0       0       0       0       0       0       0       0       0       0       0       0
      Locals:         0       0       0       0       0       0       0       0       0       0       0       0       0       0       0       0       0
      Temps:          0       0       0       0       0       0       0       0       0       0       0       0       0       0       0       0       0
      Totals:         6       0       0       0       0       0       0       0       0       0       0       0       0       0       0       0       0
Total ram usage:        6 bytes
 Hardware stack levels used:    1
 Hardware stack levels required when called:    1
 This function calls:
		i2_SPIRW
 This function is called by:
		_Can_GetStatus
		_Can_ReadMessage
		_Mcp2515ReadCanId
		_Mcp2515ReadCanMsg
		_Mcp2515GetNextFreeTXBuf
 This function uses a non-reentrant model


 *************** function i2_SPIRW *****************
 Defined at:
		line 293 in file "can.c"
 Parameters:    Size  Location     Type
  tx              2    0[COMRAM] PTR const unsigned char 
		 -> Mcp2515GetNextFreeTXBuf@buf(3), Mcp2515WriteCanMsg@buf(10), Mcp2515WriteCanId@buf(6), Mcp2515ReadCanMsg@cmd(10), 
		 -> Mcp2515ReadCanId@msg(6), Mcp2515Sleep@cmdMask4(3), Mcp2515_Init@cmdWrite3(3), Mcp2515_Init@cmdMask4(4), 
		 -> Mcp2515_Reset@cmd(1), Can_SendMessage@buf(4), Can_ReadMessage@buf(4), Can_GetStatus@msg4(4), 
		 -> Can_GetStatus@msg(3), 
  rx              2    2[COMRAM] PTR unsigned char 
		 -> Mcp2515GetNextFreeTXBuf@buf(3), Mcp2515ReadCanMsg@cmd(10), Mcp2515ReadCanId@msg(6), Can_ReadMessage@buf(4), 
		 -> Can_GetStatus@msg4(4), Can_GetStatus@msg(3), NULL(0), 
  size            4    4[COMRAM] unsigned long 
 Auto vars:     Size  Location     Type
  SPIRW           4    8[COMRAM] unsigned long 
 Return value:  Size  Location     Type
                  1    wreg      void 
 Registers used:
		wreg, fsr2l, fsr2h, status,2, status,0
 Tracked objects:
		On entry : 
		On exit  : 
		Unchanged: 
 Data sizes:     COMRAM   BANK0   BANK1   BANK2   BANK3   BANK4   BANK5   BANK6   BANK7   BANK8   BANK9  BANK10  BANK11  BANK12  BANK13  BANK14  BANK15
      Params:         8       0       0       0       0       0       0       0       0       0       0       0       0       0       0       0       0
      Locals:         4       0       0       0       0       0       0       0       0       0       0       0       0       0       0       0       0
      Temps:          0       0       0       0       0       0       0       0       0       0       0       0       0       0       0       0       0
      Totals:        12       0       0       0       0       0       0       0       0       0       0       0       0       0       0       0       0
Total ram usage:       12 bytes
 Hardware stack levels used:    1
 This function calls:
		Nothing
 This function is called by:
		_Spi_ReadWrite
		i2_Spi_Write
 This function uses a non-reentrant model



MODULE INFORMATION

Module		Function		Class		Link	Load	Size
C:\Program Files (x86)\Microchip\xc8\v1.42\sources\common\memcpy.c
		_memcpy        		CODE           	28D0	0000	69

C:\Program Files (x86)\Microchip\xc8\v1.42\sources\common\memcpy.c estimated size: 69

mcp2515.c
		_Mcp2515ReadCanId		CODE           	1942	0000	429
		_Mcp2515WriteCanId		CODE           	2044	0000	259
		_Mcp2515_Init  		CODE           	1042	0000	1517
		_Mcp2515_Reset 		CODE           	265E	0000	103
		_Mcp2515ReadCanMsg		CODE           	1F36	0000	271
		_Mcp2515GetNextFreeTXBuf		CODE           	2390	0000	137
		_Mcp2515WriteCanMsg		CODE           	1E0E	0000	297

mcp2515.c estimated size: 3013

interrupt.c
		_high_isr      		CODE           	0008	0000	153

interrupt.c estimated size: 153

shared
		i2_Mcp2515WriteCanId		CODE           	2240	0000	191
		__initialization		CODE           	2518	0000	99
		i2_Spi_Write   		CODE           	2A14	0000	39
		_canSpeed10k   		SMALLCONST     	1032	0000	8
		_canSpeed20k   		SMALLCONST     	102B	0000	8
		_canSpeed50k   		SMALLCONST     	1024	0000	8
		_canSpeed100k  		SMALLCONST     	101D	0000	8
		_canSpeed500k  		SMALLCONST     	100F	0000	8
		_canSpeed800k  		SMALLCONST     	1008	0000	8
		_canSpeed250k  		SMALLCONST     	1016	0000	8
		_canSpeed125k  		SMALLCONST     	1039	0000	8
		_canSpeed1000k 		SMALLCONST     	1001	0000	8
		i2_SPIRW       		CODE           	258C	0000	107

shared estimated size: 508

can.c
		_Can_SendMessage		CODE           	2728	0000	101
		_Can_OutBufferStatus		CODE           	2A98	0000	7
		_Can_Isr       		CODE           	2844	0000	73
		_Can_Init      		CODE           	2952	0000	57
		_Spi_Write     		CODE           	29EA	0000	43
		_Can_ReadInBuffer		CODE           	288C	0000	69
		_Can_GetStatus 		CODE           	278C	0000	99
		_Spi_ReadWrite 		CODE           	2A3A	0000	39
		_Can_GetMessage		CODE           	1C94	0000	379
		_Can_WriteOutBuffer		CODE           	2A60	0000	33
		_SPIRW         		CODE           	22FE	0000	147
		_Can_PutMessage		CODE           	1AEE	0000	423
		_Can_ReadMessage		CODE           	2146	0000	251

can.c estimated size: 1721

C:\Program Files (x86)\Microchip\xc8\v1.42\sources\common\Umul16.c
		___wmul        		CODE           	298A	0000	55

C:\Program Files (x86)\Microchip\xc8\v1.42\sources\common\Umul16.c estimated size: 55

main.c
		_init          		CODE           	2498	0000	129
		_resetData     		CODE           	2914	0000	63
		_readID        		CODE           	27EE	0000	87
		_main          		CODE           	29C0	0000	43
		_sendTrafficLight		CODE           	26C4	0000	101
		_sendPedestrianLight		CODE           	25F6	0000	105
		_sendWarningLight		CODE           	2418	0000	129
		_readConflictInfo		CODE           	162E	0000	789

main.c estimated size: 1446

